Jan 28 23:58:18 zkhx-desktop kernel: [    0.000000] Booting Linux on physical CPU 0x100
Jan 28 23:58:18 zkhx-desktop kernel: [    0.000000] chenyichong build arm64 tx2 kernel. smp_setup_processor_id
Jan 28 23:58:18 zkhx-desktop kernel: [    0.000000] Linux version 4.9.140-tegra (zerg@ubuntu) (gcc version 7.4.0 (Ubuntu/Linaro 7.4.0-1ubuntu1~18.04) ) #93 SMP PREEMPT Fri Dec 27 00:15:20 PST 2019
Jan 28 23:58:18 zkhx-desktop kernel: [    0.000000] Boot CPU: AArch64 Processor [411fd073]
Jan 28 23:58:18 zkhx-desktop kernel: [    0.000000] OF: fdt:memory scan node memory@80000000, reg size 16416,
Jan 28 23:58:18 zkhx-desktop kernel: [    0.000000] OF: fdt: - 80000000 ,  70000000
Jan 28 23:58:18 zkhx-desktop kernel: [    0.000000] OF: fdt: - f0200000 ,  185600000
Jan 28 23:58:18 zkhx-desktop kernel: [    0.000000] OF: fdt: - 275e00000 ,  200000
Jan 28 23:58:18 zkhx-desktop kernel: [    0.000000] OF: fdt: - 276600000 ,  200000
Jan 28 23:58:18 zkhx-desktop kernel: [    0.000000] OF: fdt: - 277000000 ,  200000
Jan 28 23:58:18 zkhx-desktop kernel: [    0.000000] earlycon: uart8250 at MMIO32 0x0000000003100000 (options '')
Jan 28 23:58:18 zkhx-desktop kernel: [    0.000000] bootconsole [uart8250] enabled
Jan 28 23:58:18 zkhx-desktop kernel: [    0.000000] chenyichong ( arm64_memblock_init )  memblock start of dram 0x0000000080000000   ARM64_MEMSTART_ALIGN 0x0000000040000000  memstart_addr 0x0000000080000000  
Jan 28 23:58:18 zkhx-desktop kernel: [    0.000000] OF: fdt:Reserved memory: failed to reserve memory for node 'fb0_carveout': base 0x0000000000000000, size 0 MiB
Jan 28 23:58:18 zkhx-desktop kernel: [    0.000000] OF: fdt:Reserved memory: failed to reserve memory for node 'fb0_carveout': base 0x0000000000000000, size 0 MiB
Jan 28 23:58:18 zkhx-desktop kernel: [    0.000000] OF: fdt:Reserved memory: failed to reserve memory for node 'fb1_carveout': base 0x0000000000000000, size 0 MiB
Jan 28 23:58:18 zkhx-desktop kernel: [    0.000000] OF: fdt:Reserved memory: failed to reserve memory for node 'fb1_carveout': base 0x0000000000000000, size 0 MiB
Jan 28 23:58:18 zkhx-desktop kernel: [    0.000000] OF: fdt:Reserved memory: failed to reserve memory for node 'fb2_carveout': base 0x0000000000000000, size 0 MiB
Jan 28 23:58:18 zkhx-desktop kernel: [    0.000000] OF: fdt:Reserved memory: failed to reserve memory for node 'fb2_carveout': base 0x0000000000000000, size 0 MiB
Jan 28 23:58:18 zkhx-desktop kernel: [    0.000000] OF: reserved mem: initialized node ramoops_carveout, compatible id nvidia,ramoops
Jan 28 23:58:18 zkhx-desktop kernel: [    0.000000] chenyichong ( arm64_memblock_init )  arm64_dma_phys_limit 0x0000000100000000 
Jan 28 23:58:18 zkhx-desktop kernel: [    0.000000] cma: Reserved 64 MiB at 0x00000000fc000000
Jan 28 23:58:18 zkhx-desktop kernel: [    0.000000] dma_contiguous_remap():1602: chenyichong dma_contiguous_remap dma remap start 0x00000000fc000000   end 0x0000000100000000   total 64 MB 
Jan 28 23:58:18 zkhx-desktop kernel: [    0.000000] chenyichong ( check_usemap_section_nr )  usemap snr 2   pgdat snr  2  nid = 0 pg addr ffffff8009ed8c80 
Jan 28 23:58:18 zkhx-desktop kernel: [    0.000000] chenyichong ( check_usemap_section_nr )  usemap snr 2   pgdat snr  2  nid = 0 pg addr ffffff8009ed8c80 
Jan 28 23:58:18 zkhx-desktop kernel: [    0.000000] chenyichong ( check_usemap_section_nr )  usemap snr 2   pgdat snr  2  nid = 0 pg addr ffffff8009ed8c80 
Jan 28 23:58:18 zkhx-desktop kernel: [    0.000000] chenyichong ( check_usemap_section_nr )  usemap snr 2   pgdat snr  2  nid = 0 pg addr ffffff8009ed8c80 
Jan 28 23:58:18 zkhx-desktop kernel: [    0.000000] chenyichong ( check_usemap_section_nr )  usemap snr 2   pgdat snr  2  nid = 0 pg addr ffffff8009ed8c80 
Jan 28 23:58:18 zkhx-desktop kernel: [    0.000000] chenyichong ( check_usemap_section_nr )  usemap snr 2   pgdat snr  2  nid = 0 pg addr ffffff8009ed8c80 
Jan 28 23:58:18 zkhx-desktop kernel: [    0.000000] chenyichong ( check_usemap_section_nr )  usemap snr 2   pgdat snr  2  nid = 0 pg addr ffffff8009ed8c80 
Jan 28 23:58:18 zkhx-desktop kernel: [    0.000000] chenyichong ( check_usemap_section_nr )  usemap snr 2   pgdat snr  2  nid = 0 pg addr ffffff8009ed8c80 
Jan 28 23:58:18 zkhx-desktop kernel: [    0.000000] On node 0 totalpages: 2055168
Jan 28 23:58:18 zkhx-desktop kernel: [    0.000000]   DMA zone: 8192 pages used for memmap
Jan 28 23:58:18 zkhx-desktop kernel: [    0.000000]   DMA zone: 0 pages reserved
Jan 28 23:58:18 zkhx-desktop kernel: [    0.000000]   DMA zone: 523776 pages, LIFO batch:31
Jan 28 23:58:18 zkhx-desktop kernel: [    0.000000]   Normal zone: 24008 pages used for memmap
Jan 28 23:58:18 zkhx-desktop kernel: [    0.000000]   Normal zone: 1531392 pages, LIFO batch:31
Jan 28 23:58:18 zkhx-desktop kernel: [    0.000000] MEMBLOCK configuration:
Jan 28 23:58:18 zkhx-desktop kernel: [    0.000000]  memory size = 0x1f5c00000 reserved size = 0xe160a5d
Jan 28 23:58:18 zkhx-desktop kernel: [    0.000000]  memory.cnt  = 0x5
Jan 28 23:58:18 zkhx-desktop kernel: [    0.000000]  memory[0x0]	[0x00000080000000-0x000000efffffff], 0x70000000 bytes flags: 0x0
Jan 28 23:58:18 zkhx-desktop kernel: [    0.000000]  memory[0x1]	[0x000000f0200000-0x000002757fffff], 0x185600000 bytes flags: 0x0
Jan 28 23:58:18 zkhx-desktop kernel: [    0.000000]  memory[0x2]	[0x00000275e00000-0x00000275ffffff], 0x200000 bytes flags: 0x0
Jan 28 23:58:18 zkhx-desktop kernel: [    0.000000]  memory[0x3]	[0x00000276600000-0x000002767fffff], 0x200000 bytes flags: 0x0
Jan 28 23:58:18 zkhx-desktop kernel: [    0.000000]  memory[0x4]	[0x00000277000000-0x000002771fffff], 0x200000 bytes flags: 0x0
Jan 28 23:58:18 zkhx-desktop kernel: [    0.000000]  reserved.cnt  = 0x26
Jan 28 23:58:18 zkhx-desktop kernel: [    0.000000]  reserved[0x0]	[0x00000080000000-0x00000080058fff], 0x59000 bytes flags: 0x0
Jan 28 23:58:18 zkhx-desktop kernel: [    0.000000]  reserved[0x1]	[0x00000080280000-0x000000821a1fff], 0x1f22000 bytes flags: 0x0
Jan 28 23:58:18 zkhx-desktop kernel: [    0.000000]  reserved[0x2]	[0x000000821a3000-0x000000821a3fff], 0x1000 bytes flags: 0x0
Jan 28 23:58:18 zkhx-desktop kernel: [    0.000000]  reserved[0x3]	[0x000000bffff800-0x000000bfffffff], 0x800 bytes flags: 0x0
Jan 28 23:58:18 zkhx-desktop kernel: [    0.000000]  reserved[0x4]	[0x000000fc000000-0x000000ffffffff], 0x4000000 bytes flags: 0x0
Jan 28 23:58:18 zkhx-desktop kernel: [    0.000000]  reserved[0x5]	[0x0000026da00000-0x000002757fffff], 0x7e00000 bytes flags: 0x0
Jan 28 23:58:18 zkhx-desktop kernel: [    0.000000]  reserved[0x6]	[0x00000275e00000-0x00000275ffffff], 0x200000 bytes flags: 0x0
Jan 28 23:58:18 zkhx-desktop kernel: [    0.000000]  reserved[0x7]	[0x0000027701b000-0x0000027701bfff], 0x1000 bytes flags: 0x0
Jan 28 23:58:18 zkhx-desktop kernel: [    0.000000]  reserved[0x8]	[0x0000027701cd40-0x0000027701dd3f], 0x1000 bytes flags: 0x0
Jan 28 23:58:18 zkhx-desktop kernel: [    0.000000]  reserved[0x9]	[0x0000027701dd50-0x0000027701dd7b], 0x2c bytes flags: 0x0
Jan 28 23:58:18 zkhx-desktop kernel: [    0.000000]  reserved[0xa]	[0x0000027701dd80-0x0000027701ddab], 0x2c bytes flags: 0x0
Jan 28 23:58:18 zkhx-desktop kernel: [    0.000000]  reserved[0xb]	[0x0000027701ddb0-0x0000027701ddde], 0x2f bytes flags: 0x0
Jan 28 23:58:18 zkhx-desktop kernel: [    0.000000]  reserved[0xc]	[0x0000027701dde0-0x0000027701de0e], 0x2f bytes flags: 0x0
Jan 28 23:58:18 zkhx-desktop kernel: [    0.000000]  reserved[0xd]	[0x0000027701de10-0x0000027701de3e], 0x2f bytes flags: 0x0
Jan 28 23:58:18 zkhx-desktop kernel: [    0.000000]  reserved[0xe]	[0x0000027701de40-0x0000027701de6e], 0x2f bytes flags: 0x0
Jan 28 23:58:18 zkhx-desktop kernel: [    0.000000]  reserved[0xf]	[0x0000027701de70-0x0000027701de9e], 0x2f bytes flags: 0x0
Jan 28 23:58:18 zkhx-desktop kernel: [    0.000000]  reserved[0x10]	[0x0000027701dea0-0x0000027701dece], 0x2f bytes flags: 0x0
Jan 28 23:58:18 zkhx-desktop kernel: [    0.000000]  reserved[0x11]	[0x0000027701ded0-0x0000027701defe], 0x2f bytes flags: 0x0
Jan 28 23:58:18 zkhx-desktop kernel: [    0.000000]  reserved[0x12]	[0x0000027701df00-0x0000027701df2b], 0x2c bytes flags: 0x0
Jan 28 23:58:18 zkhx-desktop kernel: [    0.000000]  reserved[0x13]	[0x0000027701df30-0x0000027701df5b], 0x2c bytes flags: 0x0
Jan 28 23:58:18 zkhx-desktop kernel: [    0.000000]  reserved[0x14]	[0x0000027701df60-0x0000027701df8b], 0x2c bytes flags: 0x0
Jan 28 23:58:18 zkhx-desktop kernel: [    0.000000]  reserved[0x15]	[0x0000027701df90-0x0000027701dfbb], 0x2c bytes flags: 0x0
Jan 28 23:58:18 zkhx-desktop kernel: [    0.000000]  reserved[0x16]	[0x0000027701dfc0-0x0000027701dfeb], 0x2c bytes flags: 0x0
Jan 28 23:58:18 zkhx-desktop kernel: [    0.000000]  reserved[0x17]	[0x0000027701dff0-0x0000027701e01b], 0x2c bytes flags: 0x0
Jan 28 23:58:18 zkhx-desktop kernel: [    0.000000]  reserved[0x18]	[0x0000027701e020-0x0000027701e04b], 0x2c bytes flags: 0x0
Jan 28 23:58:18 zkhx-desktop kernel: [    0.000000]  reserved[0x19]	[0x0000027701e050-0x0000027701e07b], 0x2c bytes flags: 0x0
Jan 28 23:58:18 zkhx-desktop kernel: [    0.000000]  reserved[0x1a]	[0x0000027701e080-0x0000027701e0ab], 0x2c bytes flags: 0x0
Jan 28 23:58:18 zkhx-desktop kernel: [    0.000000]  reserved[0x1b]	[0x0000027701e0b0-0x0000027701e0db], 0x2c bytes flags: 0x0
Jan 28 23:58:18 zkhx-desktop kernel: [    0.000000]  reserved[0x1c]	[0x0000027701e0e0-0x0000027701e10b], 0x2c bytes flags: 0x0
Jan 28 23:58:18 zkhx-desktop kernel: [    0.000000]  reserved[0x1d]	[0x0000027701e110-0x0000027701e13b], 0x2c bytes flags: 0x0
Jan 28 23:58:18 zkhx-desktop kernel: [    0.000000]  reserved[0x1e]	[0x0000027701e140-0x0000027701e16b], 0x2c bytes flags: 0x0
Jan 28 23:58:18 zkhx-desktop kernel: [    0.000000]  reserved[0x1f]	[0x0000027701e170-0x0000027701e19b], 0x2c bytes flags: 0x0
Jan 28 23:58:18 zkhx-desktop kernel: [    0.000000]  reserved[0x20]	[0x0000027701e1a0-0x0000027701e1cb], 0x2c bytes flags: 0x0
Jan 28 23:58:18 zkhx-desktop kernel: [    0.000000]  reserved[0x21]	[0x0000027701e1d0-0x0000027701e1fd], 0x2e bytes flags: 0x0
Jan 28 23:58:18 zkhx-desktop kernel: [    0.000000]  reserved[0x22]	[0x0000027701e200-0x0000027701e22d], 0x2e bytes flags: 0x0
Jan 28 23:58:18 zkhx-desktop kernel: [    0.000000]  reserved[0x23]	[0x0000027701e230-0x0000027701e25d], 0x2e bytes flags: 0x0
Jan 28 23:58:18 zkhx-desktop kernel: [    0.000000]  reserved[0x24]	[0x0000027701e260-0x0000027701e28d], 0x2e bytes flags: 0x0
Jan 28 23:58:18 zkhx-desktop kernel: [    0.000000]  reserved[0x25]	[0x0000027701e290-0x000002771fffff], 0x1e1d70 bytes flags: 0x0
Jan 28 23:58:18 zkhx-desktop kernel: [    0.000000] psci: probing for conduit method from DT.
Jan 28 23:58:18 zkhx-desktop kernel: [    0.000000] psci: PSCIv1.0 detected in firmware.
Jan 28 23:58:18 zkhx-desktop kernel: [    0.000000] psci: Using standard PSCI v0.2 function IDs
Jan 28 23:58:18 zkhx-desktop kernel: [    0.000000] psci: MIGRATE_INFO_TYPE not supported.
Jan 28 23:58:18 zkhx-desktop kernel: [    0.000000] psci: SMC Calling Convention v1.1
Jan 28 23:58:18 zkhx-desktop kernel: [    0.000000] percpu: Embedded 23 pages/cpu @ffffffc1f6776000 s53400 r8192 d32616 u94208
Jan 28 23:58:18 zkhx-desktop kernel: [    0.000000] pcpu-alloc: s53400 r8192 d32616 u94208 alloc=23*4096
Jan 28 23:58:18 zkhx-desktop kernel: [    0.000000] pcpu-alloc: [0] 0 [0] 1 [0] 2 [0] 3 [0] 4 [0] 5 
Jan 28 23:58:18 zkhx-desktop kernel: [    0.000000] Speculative Store Bypass Disable mitigation not required
Jan 28 23:58:18 zkhx-desktop kernel: [    0.000000] Built 1 zonelists in Zone order, mobility grouping on.  Total pages: 2022968
Jan 28 23:58:18 zkhx-desktop kernel: [    0.000000] Kernel command line: root=/dev/mmcblk0p1 rw rootwait console=ttyS0,115200n8 console=tty0 fbcon=map:0 net.ifnames=0 video=tegrafb no_console_suspend=1 earlycon=uart8250,mmio32,0x3100000 nvdumper_reserved=0x2772e0000 gpt usbcore.old_scheme_first=1 tegraid=18.1.2.0.0 maxcpus=6 boot.slot_suffix= boot.ratchetvalues=0.983055.1 bl_prof_dataptr=0x10000@0x275840000 sdhci_tegra.en_boot_part_access=1 root=/dev/mmcblk0p1 rw rootwait rootfstype=ext4
Jan 28 23:58:18 zkhx-desktop kernel: [    0.000000] log_buf_len individual max cpu contribution: 32768 bytes
Jan 28 23:58:18 zkhx-desktop kernel: [    0.000000] log_buf_len total cpu_extra contributions: 163840 bytes
Jan 28 23:58:18 zkhx-desktop kernel: [    0.000000] log_buf_len min size: 32768 bytes
Jan 28 23:58:18 zkhx-desktop kernel: [    0.000000] log_buf_len: 262144 bytes
Jan 28 23:58:18 zkhx-desktop kernel: [    0.000000] early log buf free: 23864(72%)
Jan 28 23:58:18 zkhx-desktop kernel: [    0.000000] PID hash table entries: 4096 (order: 3, 32768 bytes)
Jan 28 23:58:18 zkhx-desktop kernel: [    0.000000] Dentry cache hash table entries: 1048576 (order: 11, 8388608 bytes)
Jan 28 23:58:18 zkhx-desktop kernel: [    0.000000] Inode-cache hash table entries: 524288 (order: 10, 4194304 bytes)
Jan 28 23:58:18 zkhx-desktop kernel: [    0.000000] Memory: 7976748K/8220672K available (14846K kernel code, 2394K rwdata, 6456K rodata, 7488K init, 605K bss, 178388K reserved, 65536K cma-reserved)
Jan 28 23:58:18 zkhx-desktop kernel: [    0.000000] Virtual kernel memory layout:
Jan 28 23:58:18 zkhx-desktop kernel: [    0.000000]     modules : 0xffffff8000000000 - 0xffffff8008000000   (   128 MB)
Jan 28 23:58:18 zkhx-desktop kernel: [    0.000000]     vmalloc : 0xffffff8008000000 - 0xffffffbebfff0000   (   250 GB)
Jan 28 23:58:18 zkhx-desktop kernel: [    0.000000]       .text : 0xffffff8008080000 - 0xffffff8008f00000   ( 14848 KB)
Jan 28 23:58:18 zkhx-desktop kernel: [    0.000000]     .rodata : 0xffffff8008f00000 - 0xffffff8009560000   (  6528 KB)
Jan 28 23:58:18 zkhx-desktop kernel: [    0.000000]       .init : 0xffffff8009560000 - 0xffffff8009cb0000   (  7488 KB)
Jan 28 23:58:18 zkhx-desktop kernel: [    0.000000]       .data : 0xffffff8009cb0000 - 0xffffff8009f06808   (  2395 KB)
Jan 28 23:58:18 zkhx-desktop kernel: [    0.000000]        .bss : 0xffffff8009f06808 - 0xffffff8009f9deb4   (   606 KB)
Jan 28 23:58:18 zkhx-desktop kernel: [    0.000000]     fixed   : 0xffffffbefe7fd000 - 0xffffffbefec00000   (  4108 KB)
Jan 28 23:58:18 zkhx-desktop kernel: [    0.000000]     PCI I/O : 0xffffffbefee00000 - 0xffffffbeffe00000   (    16 MB)
Jan 28 23:58:18 zkhx-desktop kernel: [    0.000000]     vmemmap : 0xffffffbf00000000 - 0xffffffc000000000   (     4 GB maximum)
Jan 28 23:58:18 zkhx-desktop kernel: [    0.000000]               0xffffffbf00000000 - 0xffffffbf07dc8000   (   125 MB actual)
Jan 28 23:58:18 zkhx-desktop kernel: [    0.000000]     memory  : 0xffffffc000000000 - 0xffffffc1f7200000   (  8050 MB)
Jan 28 23:58:18 zkhx-desktop kernel: [    0.000000] chenyichong ( setup_kmalloc_cache_index_table )  elem = 0 
Jan 28 23:58:18 zkhx-desktop kernel: [    0.000000] chenyichong ( setup_kmalloc_cache_index_table ) 1 elem = 0 size_index[elem] = 3 
Jan 28 23:58:18 zkhx-desktop kernel: [    0.000000] chenyichong ( setup_kmalloc_cache_index_table ) 2 elem = 0 size_index[elem] = 6 
Jan 28 23:58:18 zkhx-desktop kernel: [    0.000000] chenyichong ( setup_kmalloc_cache_index_table )  elem = 1 
Jan 28 23:58:18 zkhx-desktop kernel: [    0.000000] chenyichong ( setup_kmalloc_cache_index_table ) 1 elem = 1 size_index[elem] = 4 
Jan 28 23:58:18 zkhx-desktop kernel: [    0.000000] chenyichong ( setup_kmalloc_cache_index_table ) 2 elem = 1 size_index[elem] = 6 
Jan 28 23:58:18 zkhx-desktop kernel: [    0.000000] chenyichong ( setup_kmalloc_cache_index_table )  elem = 2 
Jan 28 23:58:18 zkhx-desktop kernel: [    0.000000] chenyichong ( setup_kmalloc_cache_index_table ) 1 elem = 2 size_index[elem] = 5 
Jan 28 23:58:18 zkhx-desktop kernel: [    0.000000] chenyichong ( setup_kmalloc_cache_index_table ) 2 elem = 2 size_index[elem] = 6 
Jan 28 23:58:18 zkhx-desktop kernel: [    0.000000] chenyichong ( setup_kmalloc_cache_index_table )  elem = 3 
Jan 28 23:58:18 zkhx-desktop kernel: [    0.000000] chenyichong ( setup_kmalloc_cache_index_table ) 1 elem = 3 size_index[elem] = 5 
Jan 28 23:58:18 zkhx-desktop kernel: [    0.000000] chenyichong ( setup_kmalloc_cache_index_table ) 2 elem = 3 size_index[elem] = 6 
Jan 28 23:58:18 zkhx-desktop kernel: [    0.000000] chenyichong ( setup_kmalloc_cache_index_table )  elem = 4 
Jan 28 23:58:18 zkhx-desktop kernel: [    0.000000] chenyichong ( setup_kmalloc_cache_index_table ) 1 elem = 4 size_index[elem] = 6 
Jan 28 23:58:18 zkhx-desktop kernel: [    0.000000] chenyichong ( setup_kmalloc_cache_index_table ) 2 elem = 4 size_index[elem] = 6 
Jan 28 23:58:18 zkhx-desktop kernel: [    0.000000] chenyichong ( setup_kmalloc_cache_index_table )  elem = 5 
Jan 28 23:58:18 zkhx-desktop kernel: [    0.000000] chenyichong ( setup_kmalloc_cache_index_table ) 1 elem = 5 size_index[elem] = 6 
Jan 28 23:58:18 zkhx-desktop kernel: [    0.000000] chenyichong ( setup_kmalloc_cache_index_table ) 2 elem = 5 size_index[elem] = 6 
Jan 28 23:58:18 zkhx-desktop kernel: [    0.000000] chenyichong ( setup_kmalloc_cache_index_table )  elem = 6 
Jan 28 23:58:18 zkhx-desktop kernel: [    0.000000] chenyichong ( setup_kmalloc_cache_index_table ) 1 elem = 6 size_index[elem] = 6 
Jan 28 23:58:18 zkhx-desktop kernel: [    0.000000] chenyichong ( setup_kmalloc_cache_index_table ) 2 elem = 6 size_index[elem] = 6 
Jan 28 23:58:18 zkhx-desktop kernel: [    0.000000] SLUB: HWalign=64, Order=0-3, MinObjects=0, CPUs=6, Nodes=1
Jan 28 23:58:18 zkhx-desktop kernel: [    0.000000] Preemptible hierarchical RCU implementation.
Jan 28 23:58:18 zkhx-desktop kernel: [    0.000000] 	Build-time adjustment of leaf fanout to 64.
Jan 28 23:58:18 zkhx-desktop kernel: [    0.000000] 	RCU restricting CPUs from NR_CPUS=64 to nr_cpu_ids=6.
Jan 28 23:58:18 zkhx-desktop kernel: [    0.000000] RCU: Adjusting geometry for rcu_fanout_leaf=64, nr_cpu_ids=6
Jan 28 23:58:18 zkhx-desktop kernel: [    0.000000] NR_IRQS:64 nr_irqs:64 0
Jan 28 23:58:18 zkhx-desktop kernel: [    0.000000] GIC: Using split EOI/Deactivate mode
Jan 28 23:58:18 zkhx-desktop kernel: [    0.000000] arm_arch_timer: Architected cp15 timer(s) running at 31.25MHz (phys).
Jan 28 23:58:18 zkhx-desktop kernel: [    0.000000] clocksource: arch_sys_counter: mask: 0xffffffffffffff max_cycles: 0xe6a171046, max_idle_ns: 881590405314 ns
Jan 28 23:58:18 zkhx-desktop kernel: [    0.000002] sched_clock: 56 bits at 31MHz, resolution 32ns, wraps every 4398046511088ns
Jan 28 23:58:18 zkhx-desktop kernel: [    0.010007] Console: colour dummy device 80x25
Jan 28 23:58:18 zkhx-desktop kernel: [    0.014668] console [tty0] enabled
Jan 28 23:58:18 zkhx-desktop kernel: [    0.018225] bootconsole [uart8250] disabled
Jan 28 23:58:18 zkhx-desktop kernel: [    0.022600] kmemleak: Kernel memory leak detector disabled
Jan 28 23:58:18 zkhx-desktop kernel: [    0.022617] Calibrating delay loop (skipped), value calculated using timer frequency.. 62.50 BogoMIPS (lpj=125000)
Jan 28 23:58:18 zkhx-desktop kernel: [    0.022632] pid_max: default: 32768 minimum: 301
Jan 28 23:58:18 zkhx-desktop kernel: [    0.022949] Security Framework initialized
Jan 28 23:58:18 zkhx-desktop kernel: [    0.023110] Mount-cache hash table entries: 16384 (order: 5, 131072 bytes)
Jan 28 23:58:18 zkhx-desktop kernel: [    0.023121] Mountpoint-cache hash table entries: 16384 (order: 5, 131072 bytes)
Jan 28 23:58:18 zkhx-desktop kernel: [    0.023716] ftrace: allocating 46830 entries in 183 pages
Jan 28 23:58:18 zkhx-desktop kernel: [    0.148492] sched-energy: Sched-energy-costs installed from DT
Jan 28 23:58:18 zkhx-desktop kernel: [    0.148511] ASID allocator initialised with 65536 entries
Jan 28 23:58:18 zkhx-desktop kernel: [    0.182720] tegra-id: chipid=21817.
Jan 28 23:58:18 zkhx-desktop kernel: [    0.182735] tegra-id: opt_subrevision=1.
Jan 28 23:58:18 zkhx-desktop kernel: [    0.182756] Tegra Revision: A02p SKU: 0xdc CPU Process: 0 SoC Process: 0
Jan 28 23:58:18 zkhx-desktop kernel: [    0.182769] DTS File Name: /dvs/git/dirty/git-master_linux/kernel/kernel-4.9/arch/arm64/boot/dts/../../../../../../hardware/nvidia/platform/t18x/quill/kernel-dts/tegra186-quill-p3310-1000-c03-00-base.dts
Jan 28 23:58:18 zkhx-desktop kernel: [    0.182786] DTB Build time: Mar 13 2019 00:34:41
Jan 28 23:58:18 zkhx-desktop kernel: [    0.229909] CPU1: Booted secondary processor [4e0f0030]
Jan 28 23:58:18 zkhx-desktop kernel: [    0.261560] CPU2: Booted secondary processor [4e0f0030]
Jan 28 23:58:18 zkhx-desktop kernel: [    0.293418] CPU3: Booted secondary processor [411fd073]
Jan 28 23:58:18 zkhx-desktop kernel: [    0.325406] CPU4: Booted secondary processor [411fd073]
Jan 28 23:58:18 zkhx-desktop kernel: [    0.357404] CPU5: Booted secondary processor [411fd073]
Jan 28 23:58:18 zkhx-desktop kernel: [    0.357456] Brought up 6 CPUs
Jan 28 23:58:18 zkhx-desktop kernel: [    0.357500] SMP: Total of 6 processors activated.
Jan 28 23:58:18 zkhx-desktop kernel: [    0.357512] CPU features: detected feature: 32-bit EL0 Support
Jan 28 23:58:18 zkhx-desktop kernel: [    0.358233] CPU: All CPU(s) started at EL2
Jan 28 23:58:18 zkhx-desktop kernel: [    0.358287] alternatives: patching kernel code
Jan 28 23:58:18 zkhx-desktop kernel: [    0.367831] devtmpfs: initialized
Jan 28 23:58:18 zkhx-desktop kernel: [    0.404984] Initilizing CustomIPI irq domain
Jan 28 23:58:18 zkhx-desktop kernel: [    0.405227] clocksource: jiffies: mask: 0xffffffff max_cycles: 0xffffffff, max_idle_ns: 7645041785100000 ns
Jan 28 23:58:18 zkhx-desktop kernel: [    0.405253] futex hash table entries: 2048 (order: 5, 131072 bytes)
Jan 28 23:58:18 zkhx-desktop kernel: [    0.406127] pinctrl core: initialized pinctrl subsystem
Jan 28 23:58:18 zkhx-desktop kernel: [    0.406335] OS set in device tree is not L4T.
Jan 28 23:58:18 zkhx-desktop kernel: [    0.406508] regulator-dummy: no parameters
Jan 28 23:58:18 zkhx-desktop kernel: [    0.406656] Initializing plugin-manager
Jan 28 23:58:18 zkhx-desktop kernel: [    0.406721] Plugin module not found
Jan 28 23:58:18 zkhx-desktop kernel: [    0.406765] Plugin-manager status disabled
Jan 28 23:58:18 zkhx-desktop kernel: [    0.408499] NET: Registered protocol family 16
Jan 28 23:58:18 zkhx-desktop kernel: [    0.409331] pstore: using zlib compression
Jan 28 23:58:18 zkhx-desktop kernel: [    0.410029] console [pstore-1] enabled
Jan 28 23:58:18 zkhx-desktop kernel: [    0.410040] pstore: Registered ramoops as persistent store backend
Jan 28 23:58:18 zkhx-desktop kernel: [    0.410053] ramoops: attached 0x200000@0x275880000, ecc: 0/0
Jan 28 23:58:18 zkhx-desktop kernel: [    0.425052] cpuidle: using governor menu
Jan 28 23:58:18 zkhx-desktop kernel: [    0.426489] bpmp: waiting for handshake
Jan 28 23:58:18 zkhx-desktop kernel: [    0.426506] bpmp: handshake completed
Jan 28 23:58:18 zkhx-desktop kernel: [    0.426530] bpmp: synchronizing channels
Jan 28 23:58:18 zkhx-desktop kernel: [    0.426546] bpmp: channels synchronized
Jan 28 23:58:18 zkhx-desktop kernel: [    0.426558] bpmp: mail init ok
Jan 28 23:58:18 zkhx-desktop kernel: [    0.428582] arm-smmu 12000000.iommu: probing hardware configuration...
Jan 28 23:58:18 zkhx-desktop kernel: [    0.428600] arm-smmu 12000000.iommu: SMMUv2 with:
Jan 28 23:58:18 zkhx-desktop kernel: [    0.428614] arm-smmu 12000000.iommu: 	stage 1 translation
Jan 28 23:58:18 zkhx-desktop kernel: [    0.428627] arm-smmu 12000000.iommu: 	stage 2 translation
Jan 28 23:58:18 zkhx-desktop kernel: [    0.428639] arm-smmu 12000000.iommu: 	nested translation
Jan 28 23:58:18 zkhx-desktop kernel: [    0.428654] arm-smmu 12000000.iommu: 	stream matching with 128 register groups, mask 0x7f80
Jan 28 23:58:18 zkhx-desktop kernel: [    0.428674] arm-smmu 12000000.iommu: SMMU address space size (0x800000) differs from mapped region size (0x1000000)!
Jan 28 23:58:18 zkhx-desktop kernel: [    0.428693] arm-smmu 12000000.iommu: 	64 context banks (0 stage-2 only)
Jan 28 23:58:18 zkhx-desktop kernel: [    0.428707] arm-smmu 12000000.iommu: 	Stage-1: 39-bit VA -> 48-bit IPA
Jan 28 23:58:18 zkhx-desktop kernel: [    0.428720] arm-smmu 12000000.iommu: 	Stage-2: 39-bit IPA -> 48-bit PA
Jan 28 23:58:18 zkhx-desktop kernel: [    0.430895] vdso: 2 pages (1 code @ ffffff8008f07000, 1 data @ ffffff8009cb4000)
Jan 28 23:58:18 zkhx-desktop kernel: [    0.430926] hw-breakpoint: found 6 breakpoint and 4 watchpoint registers.
Jan 28 23:58:18 zkhx-desktop kernel: [    0.433236] atomic_pool_init():622: DMA: preallocated 1024 KiB pool for atomic allocations
Jan 28 23:58:18 zkhx-desktop kernel: [    0.435084] Registering BPMP clocks...
Jan 28 23:58:18 zkhx-desktop kernel: [    0.435189] tegra_bpmp_clk_init: clock init ok (636 clks)
Jan 28 23:58:18 zkhx-desktop kernel: [    0.435899] tegra_bpmp_of_clk_init: EMC proxy not found.
Jan 28 23:58:18 zkhx-desktop kernel: [    0.437383] tegra_powergate_init: DONE
Jan 28 23:58:18 zkhx-desktop kernel: [    0.437406] DTS File Name: /dvs/git/dirty/git-master_linux/kernel/kernel-4.9/arch/arm64/boot/dts/../../../../../../hardware/nvidia/platform/t18x/quill/kernel-dts/tegra186-quill-p3310-1000-c03-00-base.dts
Jan 28 23:58:18 zkhx-desktop kernel: [    0.437466] DTB Build time: Mar 13 2019 00:34:41
Jan 28 23:58:18 zkhx-desktop kernel: [    0.439482] Tegra reboot handler registered.
Jan 28 23:58:18 zkhx-desktop kernel: [    0.441018] tegra-pmc c360000.pmc: scratch reg offset dts data not present
Jan 28 23:58:18 zkhx-desktop kernel: [    0.441098] tegra-pmc: get_secure_pmc_setting: done secure_pmc=0
Jan 28 23:58:18 zkhx-desktop kernel: [    0.441121] tegra-pmc: ### PMC reset source: TEGRA_SOFTWARE_RESET
Jan 28 23:58:18 zkhx-desktop kernel: [    0.441135] tegra-pmc: ### PMC reset level: TEGRA_RESET_LEVEL_L1
Jan 28 23:58:18 zkhx-desktop kernel: [    0.441147] tegra-pmc: ### PMC reset status reg: 0x2d
Jan 28 23:58:18 zkhx-desktop kernel: [    0.441314] padctrl padctrl.0: Pad control driver tegra-pmc-padctrl registered
Jan 28 23:58:18 zkhx-desktop kernel: [    0.441341] tegra-pmc c360000.pmc: IO padctrl driver initialized
Jan 28 23:58:18 zkhx-desktop kernel: [    0.441705] iommu: Adding device 3460000.sdhci to group 0
Jan 28 23:58:18 zkhx-desktop kernel: [    0.442405] iommu: Adding device 3400000.sdhci to group 1
Jan 28 23:58:18 zkhx-desktop kernel: [    0.443480] iommu: Adding device 3507000.ahci-sata to group 2
Jan 28 23:58:18 zkhx-desktop kernel: [    0.443507] arm-smmu: forcing sodev map for 3507000.ahci-sata
Jan 28 23:58:18 zkhx-desktop kernel: [    0.443961] iommu: Adding device 3160000.i2c to group 3
Jan 28 23:58:18 zkhx-desktop kernel: [    0.444416] iommu: Adding device c240000.i2c to group 4
Jan 28 23:58:18 zkhx-desktop kernel: [    0.444779] iommu: Adding device 3180000.i2c to group 5
Jan 28 23:58:18 zkhx-desktop kernel: [    0.445142] iommu: Adding device 3190000.i2c to group 6
Jan 28 23:58:18 zkhx-desktop kernel: [    0.445611] iommu: Adding device 31b0000.i2c to group 7
Jan 28 23:58:18 zkhx-desktop kernel: [    0.445968] iommu: Adding device 31c0000.i2c to group 8
Jan 28 23:58:18 zkhx-desktop kernel: [    0.446318] iommu: Adding device c250000.i2c to group 9
Jan 28 23:58:18 zkhx-desktop kernel: [    0.446673] iommu: Adding device 31e0000.i2c to group 10
Jan 28 23:58:18 zkhx-desktop kernel: [    0.448180] iommu: Adding device 3210000.spi to group 11
Jan 28 23:58:18 zkhx-desktop kernel: [    0.448534] iommu: Adding device c260000.spi to group 12
Jan 28 23:58:18 zkhx-desktop kernel: [    0.448882] iommu: Adding device 3240000.spi to group 13
Jan 28 23:58:18 zkhx-desktop kernel: [    0.449610] iommu: Adding device 3100000.serial to group 14
Jan 28 23:58:18 zkhx-desktop kernel: [    0.449970] iommu: Adding device 3110000.serial to group 15
Jan 28 23:58:18 zkhx-desktop kernel: [    0.450312] iommu: Adding device c280000.serial to group 16
Jan 28 23:58:18 zkhx-desktop kernel: [    0.450654] iommu: Adding device 3130000.serial to group 17
Jan 28 23:58:18 zkhx-desktop kernel: [    0.452005] iommu: Adding device 2490000.ether_qos to group 18
Jan 28 23:58:18 zkhx-desktop kernel: [    0.452029] arm-smmu: forcing sodev map for 2490000.ether_qos
Jan 28 23:58:18 zkhx-desktop kernel: [    0.452643] iommu: Adding device b000000.rtcpu to group 19
Jan 28 23:58:18 zkhx-desktop kernel: [    0.454872] iommu: Adding device 13e10000.host1x to group 20
Jan 28 23:58:18 zkhx-desktop kernel: [    0.455189] iommu: Adding device 13e10000.host1x:ctx0 to group 21
Jan 28 23:58:18 zkhx-desktop kernel: [    0.455507] iommu: Adding device 13e10000.host1x:ctx1 to group 22
Jan 28 23:58:18 zkhx-desktop kernel: [    0.455827] iommu: Adding device 13e10000.host1x:ctx2 to group 23
Jan 28 23:58:18 zkhx-desktop kernel: [    0.456135] iommu: Adding device 13e10000.host1x:ctx3 to group 24
Jan 28 23:58:18 zkhx-desktop kernel: [    0.456450] iommu: Adding device 13e10000.host1x:ctx4 to group 25
Jan 28 23:58:18 zkhx-desktop kernel: [    0.456759] iommu: Adding device 13e10000.host1x:ctx5 to group 26
Jan 28 23:58:18 zkhx-desktop kernel: [    0.457087] iommu: Adding device 13e10000.host1x:ctx6 to group 27
Jan 28 23:58:18 zkhx-desktop kernel: [    0.457395] iommu: Adding device 13e10000.host1x:ctx7 to group 28
Jan 28 23:58:18 zkhx-desktop kernel: [    0.457915] iommu: Adding device 150c0000.nvcsi to group 29
Jan 28 23:58:18 zkhx-desktop kernel: [    0.458578] iommu: Adding device 15700000.vi to group 30
Jan 28 23:58:18 zkhx-desktop kernel: [    0.458940] iommu: Adding device 15600000.isp to group 31
Jan 28 23:58:18 zkhx-desktop kernel: [    0.459413] iommu: Adding device 15210000.nvdisplay to group 32
Jan 28 23:58:18 zkhx-desktop kernel: [    0.460029] iommu: Adding device 15340000.vic to group 33
Jan 28 23:58:18 zkhx-desktop kernel: [    0.460260] iommu: Adding device 154c0000.nvenc to group 34
Jan 28 23:58:18 zkhx-desktop kernel: [    0.460490] iommu: Adding device 15480000.nvdec to group 35
Jan 28 23:58:18 zkhx-desktop kernel: [    0.460845] iommu: Adding device 15380000.nvjpg to group 36
Jan 28 23:58:18 zkhx-desktop kernel: [    0.461083] iommu: Adding device 15500000.tsec to group 37
Jan 28 23:58:18 zkhx-desktop kernel: [    0.461307] iommu: Adding device 15100000.tsecb to group 38
Jan 28 23:58:18 zkhx-desktop kernel: [    0.462011] iommu: Adding device 15810000.se to group 39
Jan 28 23:58:18 zkhx-desktop kernel: [    0.462238] iommu: Adding device 15820000.se to group 40
Jan 28 23:58:18 zkhx-desktop kernel: [    0.462465] iommu: Adding device 15830000.se to group 41
Jan 28 23:58:18 zkhx-desktop kernel: [    0.462688] iommu: Adding device 15840000.se to group 42
Jan 28 23:58:18 zkhx-desktop kernel: [    0.463568] iommu: Adding device smmu_test to group 43
Jan 28 23:58:18 zkhx-desktop kernel: [    0.464180] mc: mapped MMIO address: 0xffffff800a490000 -> 0x2c10000
Jan 28 23:58:18 zkhx-desktop kernel: [    0.464204] mc: mapped MMIO address: 0xffffff800a4b0000 -> 0x2c20000
Jan 28 23:58:18 zkhx-desktop kernel: [    0.464225] mc: mapped MMIO address: 0xffffff800a4d0000 -> 0x2c30000
Jan 28 23:58:18 zkhx-desktop kernel: [    0.464245] mc: mapped MMIO address: 0xffffff800a6b0000 -> 0x2c40000
Jan 28 23:58:18 zkhx-desktop kernel: [    0.464265] mc: mapped MMIO address: 0xffffff800a6d0000 -> 0x2c50000
Jan 28 23:58:18 zkhx-desktop kernel: [    0.464284] nv-tegra-mc 2c10000.mc: No mssnvlink node
Jan 28 23:58:18 zkhx-desktop kernel: [    0.464305] mc-err: mcerr ops are set to t18x
Jan 28 23:58:18 zkhx-desktop kernel: [    0.464458] dram-ecc: DRAM ECC disabled-MC_ECC_CONTROL:0x0000000c
Jan 28 23:58:18 zkhx-desktop kernel: [    0.465576] iommu: Adding device 3530000.xhci to group 44
Jan 28 23:58:18 zkhx-desktop kernel: [    0.465602] arm-smmu: forcing sodev map for 3530000.xhci
Jan 28 23:58:18 zkhx-desktop kernel: [    0.466055] iommu: Adding device 3550000.xudc to group 45
Jan 28 23:58:18 zkhx-desktop kernel: [    0.466078] arm-smmu: forcing sodev map for 3550000.xudc
Jan 28 23:58:18 zkhx-desktop kernel: [    0.466781] tegra186-aowake c370000.pmc: WAKE_AOWAKE_CTRL_0 = 3
Jan 28 23:58:18 zkhx-desktop kernel: [    0.466800] tegra186-aowake c370000.pmc: WAKE_AOWAKE_CNTRL_24(PMU_INT) = 256
Jan 28 23:58:18 zkhx-desktop kernel: [    0.467380] iommu: Adding device 17000000.gp10b to group 46
Jan 28 23:58:18 zkhx-desktop kernel: [    0.468435] tegra-reset 5000000.clock: registered 193 resets.
Jan 28 23:58:18 zkhx-desktop kernel: [    0.470666] iommu: Adding device d000000.bpmp to group 47
Jan 28 23:58:18 zkhx-desktop kernel: [    0.470876] bpmp: ping status is 0
Jan 28 23:58:18 zkhx-desktop kernel: [    0.470977] bpmp d000000.bpmp: firmware tag is 69fa4e41a01fc02a4db1adf71922a54c
Jan 28 23:58:18 zkhx-desktop kernel: [    0.473452] bpmp d000000.bpmp: probe ok
Jan 28 23:58:18 zkhx-desktop kernel: [    0.476602] iommu: Adding device 2600000.dma to group 48
Jan 28 23:58:18 zkhx-desktop kernel: [    0.477901] GPIO line 461 (camera-control-output-low) hogged as output/low
Jan 28 23:58:18 zkhx-desktop kernel: [    0.477940] GPIO line 456 (camera-control-output-low) hogged as output/low
Jan 28 23:58:18 zkhx-desktop kernel: [    0.477976] GPIO line 457 (camera-control-output-low) hogged as output/low
Jan 28 23:58:18 zkhx-desktop kernel: [    0.478008] GPIO line 426 (camera-control-output-low) hogged as output/low
Jan 28 23:58:18 zkhx-desktop kernel: [    0.478042] GPIO line 424 (wifi-enable) hogged as output/high
Jan 28 23:58:18 zkhx-desktop kernel: [    0.478074] GPIO line 445 (sdmmc-wake-support-input) hogged as input
Jan 28 23:58:18 zkhx-desktop kernel: [    0.478106] GPIO line 446 (sdmmc-wake-support-output) hogged as output/low
Jan 28 23:58:18 zkhx-desktop kernel: [    0.478308] gpiochip_setup_dev: registered GPIOs 320 to 511 on device: gpiochip0 (tegra-gpio)
Jan 28 23:58:18 zkhx-desktop kernel: [    0.482036] GPIO line 315 (wifi-wake-ap) hogged as input
Jan 28 23:58:18 zkhx-desktop kernel: [    0.482220] gpiochip_setup_dev: registered GPIOs 256 to 319 on device: gpiochip1 (tegra-gpio-aon)
Jan 28 23:58:18 zkhx-desktop kernel: [    0.483813] iommu: Adding device 10003000.pcie-controller to group 49
Jan 28 23:58:18 zkhx-desktop kernel: [    0.483841] arm-smmu: forcing sodev map for 10003000.pcie-controller
Jan 28 23:58:18 zkhx-desktop kernel: [    0.484176] iommu: Adding device sound to group 50
Jan 28 23:58:18 zkhx-desktop kernel: [    0.484547] iommu: Adding device 3510000.hda to group 51
Jan 28 23:58:18 zkhx-desktop kernel: [    0.492205] iommu: Adding device c1a0000.aon to group 52
Jan 28 23:58:18 zkhx-desktop kernel: [    0.492661] vdd-ac-bat: 5000 mV 
Jan 28 23:58:18 zkhx-desktop kernel: [    0.494394] vdd-1v8-ap: 1800 mV 
Jan 28 23:58:18 zkhx-desktop kernel: [    0.517592] random: fast init done
Jan 28 23:58:18 zkhx-desktop kernel: [    0.530863] HugeTLB registered 2 MB page size, pre-allocated 0 pages
Jan 28 23:58:18 zkhx-desktop kernel: [    0.536987] eventlib_kernel: keventlib is initialized, test id: 0
Jan 28 23:58:18 zkhx-desktop kernel: [    0.537530] SCSI subsystem initialized
Jan 28 23:58:18 zkhx-desktop kernel: [    0.537778] libata version 3.00 loaded.
Jan 28 23:58:18 zkhx-desktop kernel: [    0.538086] usbcore: registered new interface driver usbfs
Jan 28 23:58:18 zkhx-desktop kernel: [    0.538175] usbcore: registered new interface driver hub
Jan 28 23:58:18 zkhx-desktop kernel: [    0.538314] usbcore: registered new device driver usb
Jan 28 23:58:18 zkhx-desktop kernel: [    0.542253] GPIO line 241 (touch-rails) hogged as output/high
Jan 28 23:58:18 zkhx-desktop kernel: [    0.542567] GPIO line 242 (touch-rails) hogged as output/high
Jan 28 23:58:18 zkhx-desktop kernel: [    0.542929] gpiochip_setup_dev: registered GPIOs 240 to 255 on device: gpiochip2 (tca9539)
Jan 28 23:58:18 zkhx-desktop kernel: [    0.544130] GPIO line 228 (lcd-bias-rails) hogged as output/high
Jan 28 23:58:18 zkhx-desktop kernel: [    0.544494] gpiochip_setup_dev: registered GPIOs 224 to 239 on device: gpiochip3 (tca9539)
Jan 28 23:58:18 zkhx-desktop kernel: [    0.557777] max77620 4-003c: PMIC Version OTP:0x45 and ES:0x8
Jan 28 23:58:18 zkhx-desktop kernel: [    0.561778] vddio-ddr: at 1125 mV 
Jan 28 23:58:18 zkhx-desktop kernel: [    0.565604] avdd_dsi_csi: 1200 mV 
Jan 28 23:58:18 zkhx-desktop kernel: [    0.569602] vdd-1v8: 1800 mV 
Jan 28 23:58:18 zkhx-desktop kernel: [    0.573602] vdd-3v3-sys: 3300 mV 
Jan 28 23:58:18 zkhx-desktop kernel: [    0.574655] spmic-ldo0: at 1800 mV 
Jan 28 23:58:18 zkhx-desktop kernel: [    0.575605] spmic-ldo1: at 800 mV 
Jan 28 23:58:18 zkhx-desktop kernel: [    0.577623] vddio-3v3: 3300 mV 
Jan 28 23:58:18 zkhx-desktop kernel: [    0.578457] vddio-sdmmc1: 1800 <--> 3300 mV at 3300 mV 
Jan 28 23:58:18 zkhx-desktop kernel: [    0.581599] vdd-rtc: at 800 mV 
Jan 28 23:58:18 zkhx-desktop kernel: [    0.582413] avdd-ts-hv: 1800 <--> 3300 mV at 1800 mV 
Jan 28 23:58:18 zkhx-desktop kernel: [    0.585599] spmic-ldo6: at 1500 mV 
Jan 28 23:58:18 zkhx-desktop kernel: [    0.589597] vdd-pex-1v00: 1000 mV 
Jan 28 23:58:18 zkhx-desktop kernel: [    0.590467] dvdd-pex: 1000 mV 
Jan 28 23:58:18 zkhx-desktop kernel: [    0.591260] GPIO line 221 (spmic_gpio_input) hogged as input
Jan 28 23:58:18 zkhx-desktop kernel: [    0.591464] GPIO line 222 (spmic_gpio_input) hogged as input
Jan 28 23:58:18 zkhx-desktop kernel: [    0.591744] gpiochip_setup_dev: registered GPIOs 216 to 223 on device: gpiochip4 (max77620-gpio)
Jan 28 23:58:18 zkhx-desktop kernel: [    0.594220] max77620 4-003c: max77620 probe successful
Jan 28 23:58:18 zkhx-desktop kernel: [    0.594904] media: Linux media interface: v0.10
Jan 28 23:58:18 zkhx-desktop kernel: [    0.594983] Linux video capture interface: v2.00
Jan 28 23:58:18 zkhx-desktop kernel: [    0.599445] pps_core: LinuxPPS API ver. 1 registered
Jan 28 23:58:18 zkhx-desktop kernel: [    0.599491] pps_core: Software ver. 5.3.6 - Copyright 2005-2007 Rodolfo Giometti <giometti@linux.it>
Jan 28 23:58:18 zkhx-desktop kernel: [    0.599555] PTP clock support registered
Jan 28 23:58:18 zkhx-desktop kernel: [    0.600214] tegra_wdt_t18x 30c0000.watchdog: Tegra WDT init timeout = 120 sec
Jan 28 23:58:18 zkhx-desktop kernel: [    0.600279] tegra_wdt_t18x 30c0000.watchdog: Registered successfully
Jan 28 23:58:18 zkhx-desktop kernel: [    0.604278] tegra_fiq_debugger_init: found FIQ source (IRQ 386)
Jan 28 23:58:18 zkhx-desktop kernel: [    0.608757] Advanced Linux Sound Architecture Driver Initialized.
Jan 28 23:58:18 zkhx-desktop kernel: [    0.609312] Bluetooth: Core ver 2.22
Jan 28 23:58:18 zkhx-desktop kernel: [    0.609382] NET: Registered protocol family 31
Jan 28 23:58:18 zkhx-desktop kernel: [    0.609416] Bluetooth: HCI device and connection manager initialized
Jan 28 23:58:18 zkhx-desktop kernel: [    0.609458] Bluetooth: HCI socket layer initialized
Jan 28 23:58:18 zkhx-desktop kernel: [    0.609494] Bluetooth: L2CAP socket layer initialized
Jan 28 23:58:18 zkhx-desktop kernel: [    0.609545] Bluetooth: SCO socket layer initialized
Jan 28 23:58:18 zkhx-desktop kernel: [    0.610492] en-vdd-sd: 3300 mV 
Jan 28 23:58:18 zkhx-desktop kernel: [    0.611166] en-vdd-cam: 1800 mV 
Jan 28 23:58:18 zkhx-desktop kernel: [    0.613947] vdd-hdmi: 5000 mV 
Jan 28 23:58:18 zkhx-desktop kernel: [    0.614644] vdd-usb0-5v: 5000 mV 
Jan 28 23:58:18 zkhx-desktop kernel: [    0.615130] vdd-usb1-5v: 5000 mV 
Jan 28 23:58:18 zkhx-desktop kernel: [    0.617615] en-vdd-ts-1v8: 1800 mV 
Jan 28 23:58:18 zkhx-desktop kernel: [    0.621709] en-vdd-ts-hv-3v3: 3300 mV 
Jan 28 23:58:18 zkhx-desktop kernel: [    0.622368] en-vdd-disp-3v3: 3300 mV 
Jan 28 23:58:18 zkhx-desktop kernel: [    0.622958] en-mdm-pwr-3v7: 3700 mV 
Jan 28 23:58:18 zkhx-desktop kernel: [    0.623574] en-vdd-disp-1v8: 1800 mV 
Jan 28 23:58:18 zkhx-desktop kernel: [    0.624185] en-vdd-cam-hv-2v8: 2800 mV 
Jan 28 23:58:18 zkhx-desktop kernel: [    0.624820] en-vdd-cam-1v2: 1200 mV 
Jan 28 23:58:18 zkhx-desktop kernel: [    0.625375] vdd-fan: 5000 mV 
Jan 28 23:58:18 zkhx-desktop kernel: [    0.625696] vdd-3v3: 3300 mV 
Jan 28 23:58:18 zkhx-desktop kernel: [    0.626379] dis-vdd-1v2: 1200 mV 
Jan 28 23:58:18 zkhx-desktop kernel: [    0.626680] en-vdd-vcm-2v8: 2800 mV 
Jan 28 23:58:18 zkhx-desktop kernel: [    0.627276] vdd-usb2-5v: 5000 mV 
Jan 28 23:58:18 zkhx-desktop kernel: [    0.627639] vdd-sys-bl: 3300 mV 
Jan 28 23:58:18 zkhx-desktop kernel: [    0.628207] en-vdd-sys: 1200 mV 
Jan 28 23:58:18 zkhx-desktop kernel: [    0.631419] camchar: rtcpu character device driver loaded
Jan 28 23:58:18 zkhx-desktop kernel: [    0.632080] gpio tegra-gpio wake53 for gpio=159(X:7)
Jan 28 23:58:18 zkhx-desktop kernel: [    0.634269] extcon-gpio-states external-connection:extcon@1: Cable state:1, cable id:1
Jan 28 23:58:18 zkhx-desktop kernel: [    0.635832] clocksource: Switched to clocksource arch_sys_counter
Jan 28 23:58:18 zkhx-desktop kernel: [    0.676502] VFS: Disk quotas dquot_6.6.0
Jan 28 23:58:18 zkhx-desktop kernel: [    0.676773] VFS: Dquot-cache hash table entries: 512 (order 0, 4096 bytes)
Jan 28 23:58:18 zkhx-desktop kernel: [    0.677426] nvmap_heap_init: nvmap_heap_init: created heap block cache
Jan 28 23:58:18 zkhx-desktop kernel: [    0.678441] nvmap: nvmap_select_cache_ops() nvmap cache ops set to roc
Jan 28 23:58:18 zkhx-desktop kernel: [    0.678473] nvmap_page_pool_init: Total RAM pages: 2010571
Jan 28 23:58:18 zkhx-desktop kernel: [    0.678498] nvmap_page_pool_init: nvmap page pool size: 251321 pages (981 MB)
Jan 28 23:58:18 zkhx-desktop kernel: [    0.678703] nvmap_background_zero_thread: PP zeroing thread starting.
Jan 28 23:58:18 zkhx-desktop kernel: [    0.682380] tegra-gpcdma 2600000.dma: GPC DMA driver register 32 channels
Jan 28 23:58:18 zkhx-desktop kernel: [    0.694137] thermal thermal_zone0: Registering thermal zone thermal_zone0 for type BCPU-therm
Jan 28 23:58:18 zkhx-desktop kernel: [    0.694373] thermal thermal_zone1: Registering thermal zone thermal_zone1 for type MCPU-therm
Jan 28 23:58:18 zkhx-desktop kernel: [    0.694821] thermal thermal_zone2: Registering thermal zone thermal_zone2 for type GPU-therm
Jan 28 23:58:18 zkhx-desktop kernel: [    0.694946] thermal thermal_zone3: Registering thermal zone thermal_zone3 for type PLL-therm
Jan 28 23:58:18 zkhx-desktop kernel: [    0.695115] thermal thermal_zone4: Registering thermal zone thermal_zone4 for type Tboard_tegra
Jan 28 23:58:18 zkhx-desktop kernel: [    0.695309] thermal thermal_zone5: Registering thermal zone thermal_zone5 for type Tdiode_tegra
Jan 28 23:58:18 zkhx-desktop kernel: [    0.695571] thermal thermal_zone6: Registering thermal zone thermal_zone6 for type PMIC-Die
Jan 28 23:58:18 zkhx-desktop kernel: [    0.695897] la/ptsa driver initialized.
Jan 28 23:58:18 zkhx-desktop kernel: [    0.695930] pre_t19x_iso_plat_init(): iso emc max clk=1866000KHz
Jan 28 23:58:18 zkhx-desktop kernel: [    0.695952] pre_t19x_iso_plat_init(): max_iso_bw=26870400KB
Jan 28 23:58:18 zkhx-desktop kernel: [    0.697134] NET: Registered protocol family 2
Jan 28 23:58:18 zkhx-desktop kernel: [    0.699147] TCP established hash table entries: 65536 (order: 7, 524288 bytes)
Jan 28 23:58:18 zkhx-desktop kernel: [    0.699779] TCP bind hash table entries: 65536 (order: 8, 1048576 bytes)
Jan 28 23:58:18 zkhx-desktop kernel: [    0.700652] TCP: Hash tables configured (established 65536 bind 65536)
Jan 28 23:58:18 zkhx-desktop kernel: [    0.700727] UDP hash table entries: 4096 (order: 5, 131072 bytes)
Jan 28 23:58:18 zkhx-desktop kernel: [    0.700870] UDP-Lite hash table entries: 4096 (order: 5, 131072 bytes)
Jan 28 23:58:18 zkhx-desktop kernel: [    0.701752] NET: Registered protocol family 1
Jan 28 23:58:18 zkhx-desktop kernel: [    0.702935] RPC: Registered named UNIX socket transport module.
Jan 28 23:58:18 zkhx-desktop kernel: [    0.702966] RPC: Registered udp transport module.
Jan 28 23:58:18 zkhx-desktop kernel: [    0.702988] RPC: Registered tcp transport module.
Jan 28 23:58:18 zkhx-desktop kernel: [    0.703008] RPC: Registered tcp NFSv4.1 backchannel transport module.
Jan 28 23:58:18 zkhx-desktop kernel: [    0.703034] PCI: CLS 0 bytes, default 64
Jan 28 23:58:18 zkhx-desktop kernel: [    0.703290] Trying to unpack rootfs image as initramfs...
Jan 28 23:58:18 zkhx-desktop kernel: [    0.727139] host1x 13e10000.host1x: initialized
Jan 28 23:58:18 zkhx-desktop kernel: [    0.729423] hw perfevents: enabled with armv8_pmuv3 PMU driver, 7 counters available
Jan 28 23:58:18 zkhx-desktop kernel: [    0.734747] audit: initializing netlink subsys (disabled)
Jan 28 23:58:18 zkhx-desktop kernel: [    0.734812] audit: type=2000 audit(0.616:1): initialized
Jan 28 23:58:18 zkhx-desktop kernel: [    0.735459] workingset: timestamp_bits=46 max_order=21 bucket_order=0
Jan 28 23:58:18 zkhx-desktop kernel: [    0.748107] squashfs: version 4.0 (2009/01/31) Phillip Lougher
Jan 28 23:58:18 zkhx-desktop kernel: [    0.750711] ntfs: driver 2.1.32 [Flags: R/W].
Jan 28 23:58:18 zkhx-desktop kernel: [    0.752343] 9p: Installing v9fs 9p2000 file system support
Jan 28 23:58:18 zkhx-desktop kernel: [    0.758608] Block layer SCSI generic (bsg) driver version 0.4 loaded (major 240)
Jan 28 23:58:18 zkhx-desktop kernel: [    0.758801] io scheduler noop registered
Jan 28 23:58:18 zkhx-desktop kernel: [    0.759441] io scheduler cfq registered (default)
Jan 28 23:58:18 zkhx-desktop kernel: [    0.764232] gic 2a41000.agic-controller: GIC IRQ controller registered
Jan 28 23:58:18 zkhx-desktop kernel: [    0.770595] iommu: Adding device aconnect@2a41000:adsp_audio to group 53
Jan 28 23:58:18 zkhx-desktop kernel: [    0.774822] iommu: Adding device 2993000.adsp to group 54
Jan 28 23:58:18 zkhx-desktop kernel: [    0.774973] tegra-aconnect aconnect@2a41000: Tegra ACONNECT bus registered
Jan 28 23:58:18 zkhx-desktop kernel: [    0.778500] tegra-xusb-padctl 3520000.xusb_padctl: VBUS over-current detection enabled
Jan 28 23:58:18 zkhx-desktop kernel: [    0.782592] tegra-pwm 3280000.pwm: PWM clk can sleep in ops
Jan 28 23:58:18 zkhx-desktop kernel: [    0.784236] tegra-pwm 3290000.pwm: PWM clk can sleep in ops
Jan 28 23:58:18 zkhx-desktop kernel: [    0.785670] tegra-pwm 32a0000.pwm: PWM clk can sleep in ops
Jan 28 23:58:18 zkhx-desktop kernel: [    0.787004] tegra-pwm c340000.pwm: PWM clk can sleep in ops
Jan 28 23:58:18 zkhx-desktop kernel: [    0.789663] PCIE: tegra_pcie_probe(4800)
Jan 28 23:58:18 zkhx-desktop kernel: [    0.789696] PCIE: tegra_pcie_read_plat_data(3282)
Jan 28 23:58:18 zkhx-desktop kernel: [    0.789823] PCIE: tegra_pcie_parse_dt(3384)
Jan 28 23:58:18 zkhx-desktop kernel: [    0.789928] tegra-pcie 10003000.pcie-controller: 4x1, 1x1 configuration
Jan 28 23:58:18 zkhx-desktop kernel: [    0.789985] PCIE: tegra_pcie_probe_complete(4680)
Jan 28 23:58:18 zkhx-desktop kernel: [    0.790007] PCIE: tegra_pcie_init(2857)
Jan 28 23:58:18 zkhx-desktop kernel: [    0.790026] PCIE: tegra_pcie_get_resources(1941)
Jan 28 23:58:18 zkhx-desktop kernel: [    0.790046] PCIE: tegra_pcie_get_clocks(1301)
Jan 28 23:58:18 zkhx-desktop kernel: [    0.791194] PCIE: tegra_pcie_enable_regulators(1551)
Jan 28 23:58:18 zkhx-desktop kernel: [    0.791227] tegra-pcie 10003000.pcie-controller: PCIE: Enable power rails
Jan 28 23:58:18 zkhx-desktop kernel: [    0.791339] PCIE: tegra_pcie_power_on(1825)
Jan 28 23:58:18 zkhx-desktop kernel: [    0.791470] PCIE: tegra_pcie_restore_device(1766)
Jan 28 23:58:18 zkhx-desktop kernel: [    0.791495] PCIE: tegra_pcie_module_power_on(1715)
Jan 28 23:58:18 zkhx-desktop kernel: [    0.791514] PCIE: tegra_pcie_enable_regulators(1551)
Jan 28 23:58:18 zkhx-desktop kernel: [    0.791533] PCIE: tegra_pcie_map_resources(1596)
Jan 28 23:58:18 zkhx-desktop kernel: [    0.791577] PCIE: tegra_pcie_enable_pads(1440)
Jan 28 23:58:18 zkhx-desktop kernel: [    0.791668] PCIE: tegra_pcie_enable_controller(1483)
Jan 28 23:58:18 zkhx-desktop kernel: [    0.791738] PCIE: tegra_pcie_enable_msi(3095)
Jan 28 23:58:18 zkhx-desktop kernel: [    0.791875] PCIE: tegra_pcie_check_ports(2497)
Jan 28 23:58:18 zkhx-desktop kernel: [    0.791900] tegra-pcie 10003000.pcie-controller: probing port 0, using 4 lanes
Jan 28 23:58:18 zkhx-desktop kernel: [    0.791939] PCIE: tegra_pcie_port_enable(2025)
Jan 28 23:58:18 zkhx-desktop kernel: [    0.791961] PCIE: tegra_pcie_port_reset(1996)
Jan 28 23:58:18 zkhx-desktop kernel: [    0.792284] tegra_camera_platform tegra-camera-platform: tegra_camera_probe:camera_platform_driver probe
Jan 28 23:58:18 zkhx-desktop kernel: [    0.792507] misc tegra_camera_ctrl: tegra_camera_isomgr_register tpg_max_iso = 3916800KBs
Jan 28 23:58:18 zkhx-desktop kernel: [    0.792570] misc tegra_camera_ctrl: tegra_camera_isomgr_register isp_iso_bw=4687500, vi_iso_bw=1500000, max_bw=4687500
Jan 28 23:58:18 zkhx-desktop kernel: [    0.795444] PCIE: tegra_pcie_enable_rp_features(2366)
Jan 28 23:58:18 zkhx-desktop kernel: [    0.795490] PCIE: tegra_pcie_enable_aer(1042)
Jan 28 23:58:18 zkhx-desktop kernel: [    0.795517] PCIE: tegra_pcie_apply_sw_war(2208)
Jan 28 23:58:18 zkhx-desktop kernel: [    0.795749] PCIE: tegra_pcie_prsnt_map_override(1100)
Jan 28 23:58:18 zkhx-desktop kernel: [    0.795776] tegra-pcie 10003000.pcie-controller: probing port 2, using 1 lanes
Jan 28 23:58:18 zkhx-desktop kernel: [    0.795867] PCIE: tegra_pcie_port_enable(2025)
Jan 28 23:58:18 zkhx-desktop kernel: [    0.795889] PCIE: tegra_pcie_port_reset(1996)
Jan 28 23:58:18 zkhx-desktop kernel: [    0.797548] tsec 15500000.tsec: initialized
Jan 28 23:58:18 zkhx-desktop kernel: [    0.797937] PCIE: tegra_pcie_enable_rp_features(2366)
Jan 28 23:58:18 zkhx-desktop kernel: [    0.798002] PCIE: tegra_pcie_enable_aer(1042)
Jan 28 23:58:18 zkhx-desktop kernel: [    0.798028] PCIE: tegra_pcie_apply_sw_war(2208)
Jan 28 23:58:18 zkhx-desktop kernel: [    0.798198] PCIE: tegra_pcie_prsnt_map_override(1100)
Jan 28 23:58:18 zkhx-desktop kernel: [    0.799358] tsec 15100000.tsecb: initialized
Jan 28 23:58:18 zkhx-desktop kernel: [    0.804015] nvdec 15480000.nvdec: initialized
Jan 28 23:58:18 zkhx-desktop kernel: [    0.811604] falcon 15340000.vic: initialized
Jan 28 23:58:18 zkhx-desktop kernel: [    0.813291] falcon 154c0000.nvenc: initialized
Jan 28 23:58:18 zkhx-desktop kernel: [    0.814895] falcon 15380000.nvjpg: initialized
Jan 28 23:58:18 zkhx-desktop kernel: [    0.820602] iommu_context_dev 13e10000.host1x:ctx0: initialized (streamid=56)
Jan 28 23:58:18 zkhx-desktop kernel: [    0.822432] iommu_context_dev 13e10000.host1x:ctx1: initialized (streamid=57)
Jan 28 23:58:18 zkhx-desktop kernel: [    0.824079] iommu_context_dev 13e10000.host1x:ctx2: initialized (streamid=58)
Jan 28 23:58:18 zkhx-desktop kernel: [    0.825679] iommu_context_dev 13e10000.host1x:ctx3: initialized (streamid=59)
Jan 28 23:58:18 zkhx-desktop kernel: [    0.827212] iommu_context_dev 13e10000.host1x:ctx4: initialized (streamid=60)
Jan 28 23:58:18 zkhx-desktop kernel: [    0.828819] iommu_context_dev 13e10000.host1x:ctx5: initialized (streamid=61)
Jan 28 23:58:18 zkhx-desktop kernel: [    0.830404] iommu_context_dev 13e10000.host1x:ctx6: initialized (streamid=62)
Jan 28 23:58:18 zkhx-desktop kernel: [    0.832029] iommu_context_dev 13e10000.host1x:ctx7: initialized (streamid=63)
Jan 28 23:58:18 zkhx-desktop kernel: [    0.835669] tegradccommon 15200000.dc_common: host1x channel mapped
Jan 28 23:58:18 zkhx-desktop kernel: [    0.835713] tegradccommon 15200000.dc_common: dc_common syncpt # 1 allocated
Jan 28 23:58:18 zkhx-desktop kernel: [    0.835780] tegradccommon 15200000.dc_common: dma mapping done
Jan 28 23:58:18 zkhx-desktop kernel: [    0.837810] tegradc 15210000.nvdisplay: disp0 connected to head1->/host1x/sor1
Jan 28 23:58:18 zkhx-desktop kernel: [    0.837961] generic_infoframe_type: 0x87
Jan 28 23:58:18 zkhx-desktop kernel: [    0.838205] tegradc 15210000.nvdisplay: DT parsed successfully
Jan 28 23:58:18 zkhx-desktop kernel: [    0.838249] tegradc 15210000.nvdisplay: Display dc.ffffff800b1e0000 registered with id=0
Jan 28 23:58:18 zkhx-desktop kernel: [    0.847989] tegra_nvdisp_bandwidth_register_max_config: max config iso bw = 16727000 KB/s
Jan 28 23:58:18 zkhx-desktop kernel: [    0.848035] tegra_nvdisp_bandwidth_register_max_config: max config EMC floor = 665600000 Hz
Jan 28 23:58:18 zkhx-desktop kernel: [    0.848092] tegra_nvdisp_bandwidth_register_max_config: max config hubclk = 357620000 Hz
Jan 28 23:58:18 zkhx-desktop kernel: [    0.848427] tegradc 15210000.nvdisplay: vblank syncpt # 8 for dc 1
Jan 28 23:58:18 zkhx-desktop kernel: [    0.848458] tegradc 15210000.nvdisplay: vpulse3 syncpt # 9 for dc 1
Jan 28 23:58:18 zkhx-desktop kernel: [    0.850159] tegra-adma 2930000.adma: Tegra210 ADMA driver registered 10 channels
Jan 28 23:58:18 zkhx-desktop kernel: [    0.850966] tegra-fuse-burn 3820000.efuse:efuse-burn: Fuse burn driver initialized
Jan 28 23:58:18 zkhx-desktop kernel: [    0.852654] kfuse 3830000.kfuse: initialized
Jan 28 23:58:18 zkhx-desktop kernel: [    0.854849] tegradc 15210000.nvdisplay: hdmi: invalid prod list prod_list_hdmi_board
Jan 28 23:58:18 zkhx-desktop kernel: [    0.854889] tegradc 15210000.nvdisplay: hdmi: tegra_hdmi_tmds_range_read(bd) failed
Jan 28 23:58:18 zkhx-desktop kernel: [    0.855411] tegra-pmc-iopower pmc-iopower: NO_IOPOWER setting 0x0
Jan 28 23:58:18 zkhx-desktop kernel: [    0.861344] Serial: 8250/16550 driver, 4 ports, IRQ sharing disabled
Jan 28 23:58:18 zkhx-desktop kernel: [    0.862724] tegradc 15210000.nvdisplay: probed
Jan 28 23:58:18 zkhx-desktop kernel: [    0.864737] console [ttyS0] disabled
Jan 28 23:58:18 zkhx-desktop kernel: [    0.864820] 3100000.serial: ttyS0 at MMIO 0x3100000 (irq = 36, base_baud = 25500000) is a Tegra
Jan 28 23:58:18 zkhx-desktop kernel: [    1.642325] tegra-pcie 10003000.pcie-controller: link 2 down, retrying
Jan 28 23:58:18 zkhx-desktop kernel: [    1.642330] PCIE: tegra_pcie_port_reset(1996)
Jan 28 23:58:18 zkhx-desktop kernel: [    2.049436] tegra-pcie 10003000.pcie-controller: link 2 down, retrying
Jan 28 23:58:18 zkhx-desktop kernel: [    2.049439] PCIE: tegra_pcie_port_reset(1996)
Jan 28 23:58:18 zkhx-desktop kernel: [    2.456638] tegra-pcie 10003000.pcie-controller: link 2 down, retrying
Jan 28 23:58:18 zkhx-desktop kernel: [    2.456641] PCIE: tegra_pcie_port_reset(1996)
Jan 28 23:58:18 zkhx-desktop kernel: [    2.458674] tegra-pcie 10003000.pcie-controller: link 2 down, ignoring
Jan 28 23:58:18 zkhx-desktop kernel: [    2.458677] PCIE: tegra_pcie_port_disable(2056)
Jan 28 23:58:18 zkhx-desktop kernel: [    2.458714] PCIE: tegra_pcie_conf_gpios(2549)
Jan 28 23:58:18 zkhx-desktop kernel: [    2.458717] PCIE: tegra_pcie_enable_msi(3095)
Jan 28 23:58:18 zkhx-desktop kernel: [    2.459162] tegra-pcie 10003000.pcie-controller: PCI host bridge to bus 0000:00
Jan 28 23:58:18 zkhx-desktop kernel: [    2.459169] pci_bus 0000:00: root bus resource [io  0x0000-0xffff]
Jan 28 23:58:18 zkhx-desktop kernel: [    2.459175] pci_bus 0000:00: root bus resource [mem 0x40100000-0x47ffffff]
Jan 28 23:58:18 zkhx-desktop kernel: [    2.459181] pci_bus 0000:00: root bus resource [mem 0x48000000-0x7fffffff pref]
Jan 28 23:58:18 zkhx-desktop kernel: [    2.459187] pci_bus 0000:00: root bus resource [bus 00-ff]
Jan 28 23:58:18 zkhx-desktop kernel: [    2.459191] pci_bus 0000:00: scanning bus
Jan 28 23:58:18 zkhx-desktop kernel: [    2.459226] pci 0000:00:01.0: [10de:10e5] type 01 class 0x060400
Jan 28 23:58:18 zkhx-desktop kernel: [    2.459350] pci 0000:00:01.0: PME# supported from D0 D1 D2 D3hot D3cold
Jan 28 23:58:18 zkhx-desktop kernel: [    2.459358] pci 0000:00:01.0: PME# disabled
Jan 28 23:58:18 zkhx-desktop kernel: [    2.459559] iommu: Adding device 0000:00:01.0 to group 55
Jan 28 23:58:18 zkhx-desktop kernel: [    2.459569] arm-smmu: forcing sodev map for 0000:00:01.0
Jan 28 23:58:18 zkhx-desktop kernel: [    2.459679] pci_bus 0000:00: fixups for bus
Jan 28 23:58:18 zkhx-desktop kernel: [    2.459686] pci 0000:00:01.0: scanning [bus 00-00] behind bridge, pass 0
Jan 28 23:58:18 zkhx-desktop kernel: [    2.459697] pci 0000:00:01.0: bridge configuration invalid ([bus 00-00]), reconfiguring
Jan 28 23:58:18 zkhx-desktop kernel: [    2.459712] pci 0000:00:01.0: scanning [bus 00-00] behind bridge, pass 1
Jan 28 23:58:18 zkhx-desktop kernel: [    2.459885] PCIE: tegra_pcie_add_bus(778)
Jan 28 23:58:18 zkhx-desktop kernel: [    2.459887] PCIE: tegra_pcie_bus_alloc(590)
Jan 28 23:58:18 zkhx-desktop kernel: [    2.459902] pci_bus 0000:01: scanning bus
Jan 28 23:58:18 zkhx-desktop kernel: [    2.459956] pci 0000:01:00.0: [1b21:1080] type 01 class 0x060400
Jan 28 23:58:18 zkhx-desktop kernel: [    2.460101] pci 0000:01:00.0: calling quirk_use_pcie_bridge_dma_alias+0x0/0x70
Jan 28 23:58:18 zkhx-desktop kernel: [    2.460274] pci 0000:01:00.0: supports D1 D2
Jan 28 23:58:18 zkhx-desktop kernel: [    2.460277] pci 0000:01:00.0: PME# supported from D0 D1 D2 D3hot D3cold
Jan 28 23:58:18 zkhx-desktop kernel: [    2.460290] pci 0000:01:00.0: PME# disabled
Jan 28 23:58:18 zkhx-desktop kernel: [    2.460488] iommu: Adding device 0000:01:00.0 to group 56
Jan 28 23:58:18 zkhx-desktop kernel: [    2.460494] arm-smmu: forcing sodev map for 0000:01:00.0
Jan 28 23:58:18 zkhx-desktop kernel: [    2.471931] pci_bus 0000:01: fixups for bus
Jan 28 23:58:18 zkhx-desktop kernel: [    2.471942] pci 0000:01:00.0: scanning [bus 00-00] behind bridge, pass 0
Jan 28 23:58:18 zkhx-desktop kernel: [    2.471947] pci 0000:01:00.0: bridge configuration invalid ([bus 00-00]), reconfiguring
Jan 28 23:58:18 zkhx-desktop kernel: [    2.471973] pci 0000:01:00.0: scanning [bus 00-00] behind bridge, pass 1
Jan 28 23:58:18 zkhx-desktop kernel: [    2.472134] PCIE: tegra_pcie_add_bus(778)
Jan 28 23:58:18 zkhx-desktop kernel: [    2.472137] PCIE: tegra_pcie_bus_alloc(590)
Jan 28 23:58:18 zkhx-desktop kernel: [    2.472146] pci_bus 0000:02: scanning bus
Jan 28 23:58:18 zkhx-desktop kernel: [    2.472186] pci 0000:02:00.0: [13f6:0111] type 00 class 0x040100
Jan 28 23:58:18 zkhx-desktop kernel: [    2.472236] pci 0000:02:00.0: [Firmware Bug]: reg 0x10: invalid BAR (can't size)
Jan 28 23:58:18 zkhx-desktop kernel: [    2.472474] pci 0000:02:00.0: supports D1 D2
Jan 28 23:58:18 zkhx-desktop kernel: [    2.472635] iommu: Adding device 0000:02:00.0 to group 57
Jan 28 23:58:18 zkhx-desktop kernel: [    2.472641] arm-smmu: forcing sodev map for 0000:02:00.0
Jan 28 23:58:18 zkhx-desktop kernel: [    2.472700] PCIE: tegra_pcie_isr(1209)
Jan 28 23:58:18 zkhx-desktop kernel: [    2.472708] PCIE: tegra_pcie_isr(1209)
Jan 28 23:58:18 zkhx-desktop kernel: [    2.472715] PCIE: tegra_pcie_isr(1209)
Jan 28 23:58:18 zkhx-desktop kernel: [    2.472721] PCIE: tegra_pcie_isr(1209)
Jan 28 23:58:18 zkhx-desktop kernel: [    2.472727] PCIE: tegra_pcie_isr(1209)
Jan 28 23:58:18 zkhx-desktop kernel: [    2.472734] PCIE: tegra_pcie_isr(1209)
Jan 28 23:58:18 zkhx-desktop kernel: [    2.472740] PCIE: tegra_pcie_isr(1209)
Jan 28 23:58:18 zkhx-desktop kernel: [    2.472745] PCIE: tegra_pcie_isr(1209)
Jan 28 23:58:18 zkhx-desktop kernel: [    2.472753] PCIE: tegra_pcie_isr(1209)
Jan 28 23:58:18 zkhx-desktop kernel: [    2.472758] PCIE: tegra_pcie_isr(1209)
Jan 28 23:58:18 zkhx-desktop kernel: [    2.472764] PCIE: tegra_pcie_isr(1209)
Jan 28 23:58:18 zkhx-desktop kernel: [    2.472771] PCIE: tegra_pcie_isr(1209)
Jan 28 23:58:18 zkhx-desktop kernel: [    2.472777] PCIE: tegra_pcie_isr(1209)
Jan 28 23:58:18 zkhx-desktop kernel: [    2.472783] PCIE: tegra_pcie_isr(1209)
Jan 28 23:58:18 zkhx-desktop kernel: [    2.472788] PCIE: tegra_pcie_isr(1209)
Jan 28 23:58:18 zkhx-desktop kernel: [    2.472796] PCIE: tegra_pcie_isr(1209)
Jan 28 23:58:18 zkhx-desktop kernel: [    2.472801] PCIE: tegra_pcie_isr(1209)
Jan 28 23:58:18 zkhx-desktop kernel: [    2.472807] PCIE: tegra_pcie_isr(1209)
Jan 28 23:58:18 zkhx-desktop kernel: [    2.472814] PCIE: tegra_pcie_isr(1209)
Jan 28 23:58:18 zkhx-desktop kernel: [    2.472843] PCIE: tegra_pcie_isr(1209)
Jan 28 23:58:18 zkhx-desktop kernel: [    2.472850] PCIE: tegra_pcie_isr(1209)
Jan 28 23:58:18 zkhx-desktop kernel: [    2.472856] PCIE: tegra_pcie_isr(1209)
Jan 28 23:58:18 zkhx-desktop kernel: [    2.472862] PCIE: tegra_pcie_isr(1209)
Jan 28 23:58:18 zkhx-desktop kernel: [    2.472869] PCIE: tegra_pcie_isr(1209)
Jan 28 23:58:18 zkhx-desktop kernel: [    2.472874] pci_bus 0000:02: fixups for bus
Jan 28 23:58:18 zkhx-desktop kernel: [    2.472877] PCIE: tegra_pcie_isr(1209)
Jan 28 23:58:18 zkhx-desktop kernel: [    2.472880] pci_bus 0000:02: bus scan returning with max=02
Jan 28 23:58:18 zkhx-desktop kernel: [    2.472887] pci_bus 0000:02: busn_res: [bus 02-ff] end is updated to 02
Jan 28 23:58:18 zkhx-desktop kernel: [    2.472900] pci_bus 0000:01: bus scan returning with max=02
Jan 28 23:58:18 zkhx-desktop kernel: [    2.472905] pci_bus 0000:01: busn_res: [bus 01-ff] end is updated to 02
Jan 28 23:58:18 zkhx-desktop kernel: [    2.472938] pci_bus 0000:00: bus scan returning with max=02
Jan 28 23:58:18 zkhx-desktop kernel: [    2.472946] pci 0000:00:01.0: assign IRQ: got 381
Jan 28 23:58:18 zkhx-desktop kernel: [    2.472962] pci 0000:00:01.0: assigning IRQ 381
Jan 28 23:58:18 zkhx-desktop kernel: [    2.472973] pci 0000:01:00.0: assign IRQ: got 381
Jan 28 23:58:18 zkhx-desktop kernel: [    2.472975] pci 0000:01:00.0: assigning IRQ 381
Jan 28 23:58:18 zkhx-desktop kernel: [    2.472988] pci 0000:02:00.0: assign IRQ: got 381
Jan 28 23:58:18 zkhx-desktop kernel: [    2.472992] pci 0000:02:00.0: assigning IRQ 381
Jan 28 23:58:18 zkhx-desktop kernel: [    2.473046] pci 0000:01:00.0: PCI bridge to [bus 02]
Jan 28 23:58:18 zkhx-desktop kernel: [    2.473088] pci 0000:00:01.0: PCI bridge to [bus 01-02]
Jan 28 23:58:18 zkhx-desktop kernel: [    2.473106] PCIE: tegra_pcie_configure_aspm(918)
Jan 28 23:58:18 zkhx-desktop kernel: [    2.473116] PCIE: tegra_pcie_enable_ltr_support(877)
Jan 28 23:58:18 zkhx-desktop kernel: [    2.473127] PCIE: tegra_pcie_enable_features(2840)
Jan 28 23:58:18 zkhx-desktop kernel: [    2.473129] PCIE: tegra_pcie_link_speed(2825)
Jan 28 23:58:18 zkhx-desktop kernel: [    2.473132] PCIE: tegra_pcie_change_link_speed(2724)
Jan 28 23:58:18 zkhx-desktop kernel: [    2.473134] PCIE: tegra_pcie_change_link_speed(2724)
Jan 28 23:58:18 zkhx-desktop kernel: [    2.473148] PCIE: tegra_pcie_change_link_speed(2724)
Jan 28 23:58:18 zkhx-desktop kernel: [    2.473150] PCIE: tegra_pcie_scale_voltage(2652)
Jan 28 23:58:18 zkhx-desktop kernel: [    2.475763] PCIE: tegra_pcie_apply_sw_war(2208)
Jan 28 23:58:18 zkhx-desktop kernel: [    2.475783] pci 0000:00:01.0: calling tegra_pcie_relax_enable+0x0/0x38
Jan 28 23:58:18 zkhx-desktop kernel: [    2.475797] pci 0000:00:01.0: calling tegra_pcie_fixup_bridge+0x0/0x78
Jan 28 23:58:18 zkhx-desktop kernel: [    2.476173] pcieport 0000:00:01.0: Signaling PME through PCIe PME interrupt
Jan 28 23:58:18 zkhx-desktop kernel: [    2.476177] pci 0000:01:00.0: Signaling PME through PCIe PME interrupt
Jan 28 23:58:18 zkhx-desktop kernel: [    2.476180] pci 0000:02:00.0: Signaling PME through PCIe PME interrupt
Jan 28 23:58:18 zkhx-desktop kernel: [    2.476189] pcie_pme 0000:00:01.0:pcie001: service driver pcie_pme loaded
Jan 28 23:58:18 zkhx-desktop kernel: [    2.476364] aer 0000:00:01.0:pcie002: service driver aer loaded
Jan 28 23:58:18 zkhx-desktop kernel: [    2.476465] pci 0000:01:00.0: calling tegra_pcie_relax_enable+0x0/0x38
Jan 28 23:58:18 zkhx-desktop kernel: [    2.476482] pci 0000:01:00.0: calling tegra_pcie_fixup_bridge+0x0/0x78
Jan 28 23:58:18 zkhx-desktop kernel: [    2.476590] pci 0000:02:00.0: calling tegra_pcie_relax_enable+0x0/0x38
Jan 28 23:58:18 zkhx-desktop kernel: [    2.476604] pci 0000:02:00.0: calling tegra_pcie_fixup_bridge+0x0/0x78
Jan 28 23:58:18 zkhx-desktop kernel: [    4.497488] console [ttyS0] enabled
Jan 28 23:58:18 zkhx-desktop kernel: [    4.498104] Console: switching to colour frame buffer device 80x30
Jan 28 23:58:18 zkhx-desktop kernel: [    4.503980] 3110000.serial: ttyTHS1 at MMIO 0x3110000 (irq = 37, base_baud = 0) is a TEGRA_UART
Jan 28 23:58:18 zkhx-desktop kernel: [    4.509346] c280000.serial: ttyTHS2 at MMIO 0xc280000 (irq = 38, base_baud = 0) is a TEGRA_UART
Jan 28 23:58:18 zkhx-desktop kernel: [    4.517088] serial-tegra 3130000.serial: RX in PIO mode
Jan 28 23:58:18 zkhx-desktop kernel: [    4.518286] 3130000.serial: ttyTHS3 at MMIO 0x3130000 (irq = 39, base_baud = 0) is a TEGRA_UART
Jan 28 23:58:18 zkhx-desktop kernel: [    4.526927] [drm] Initialized
Jan 28 23:58:18 zkhx-desktop kernel: [    4.541735] brd: module loaded
Jan 28 23:58:18 zkhx-desktop kernel: [    4.546095] tegradc 15210000.nvdisplay: fb registered
Jan 28 23:58:18 zkhx-desktop kernel: [    4.547565] loop: module loaded
Jan 28 23:58:18 zkhx-desktop kernel: [    4.547724] tegra_profiler: version: 1.132, samples/io: 46/26
Jan 28 23:58:18 zkhx-desktop kernel: [    4.547884] tegra_profiler: auth: init
Jan 28 23:58:18 zkhx-desktop kernel: [    4.548389] nct1008_nct72 7-004c: starting parse dt
Jan 28 23:58:18 zkhx-desktop kernel: [    4.548506] nct1008_nct72 7-004c: !!!Found deprecated property!!!
Jan 28 23:58:18 zkhx-desktop kernel: [    4.548511] nct1008_nct72 7-004c: success parsing dt
Jan 28 23:58:18 zkhx-desktop kernel: [    4.548651] nct1008_nct72 7-004c: success in enabling tmp451 VDD rail
Jan 28 23:58:18 zkhx-desktop kernel: [    4.549028] THERMAL EST: found 3 subdevs
Jan 28 23:58:18 zkhx-desktop kernel: [    4.549033] THERMAL EST num_resources: 0
Jan 28 23:58:18 zkhx-desktop kernel: [    4.549037] [THERMAL EST subdev 0]
Jan 28 23:58:18 zkhx-desktop kernel: [    4.549043] [THERMAL EST subdev 1]
Jan 28 23:58:18 zkhx-desktop kernel: [    4.549046] [THERMAL EST subdev 2]
Jan 28 23:58:18 zkhx-desktop kernel: [    4.549323] thermal thermal_zone7: Registering thermal zone thermal_zone7 for type thermal-fan-est
Jan 28 23:58:18 zkhx-desktop kernel: [    4.549326] THERMAL EST: thz register success.
Jan 28 23:58:18 zkhx-desktop kernel: [    4.549446] THERMAL EST: end of probe, return err: 0
Jan 28 23:58:18 zkhx-desktop kernel: [    4.550512] hisi_sas: driver version v1.6
Jan 28 23:58:18 zkhx-desktop kernel: [    4.555247] tegra-ahci 3507000.ahci-sata: AHCI 0001.0301 32 slots 2 ports 3 Gbps 0x1 impl platform mode
Jan 28 23:58:18 zkhx-desktop kernel: [    4.555258] tegra-ahci 3507000.ahci-sata: flags: 64bit ncq sntf pm led pmp pio slum part deso sadm apst 
Jan 28 23:58:18 zkhx-desktop kernel: [    4.556343] scsi host0: tegra_ahci
Jan 28 23:58:18 zkhx-desktop kernel: [    4.557909] scsi host1: tegra_ahci
Jan 28 23:58:18 zkhx-desktop kernel: [    4.558084] ata1: SATA max UDMA/133 mmio [mem 0x03507000-0x03508fff] port 0x100 irq 24
Jan 28 23:58:18 zkhx-desktop kernel: [    4.558088] ata2: DUMMY
Jan 28 23:58:18 zkhx-desktop kernel: [    4.564743] libphy: Fixed MDIO Bus: probed
Jan 28 23:58:18 zkhx-desktop kernel: [    4.565746] tun: Universal TUN/TAP device driver, 1.6
Jan 28 23:58:18 zkhx-desktop kernel: [    4.565750] tun: (C) 1999-2004 Max Krasnyansky <maxk@qualcomm.com>
Jan 28 23:58:18 zkhx-desktop kernel: [    4.570418] e1000e: Intel(R) PRO/1000 Network Driver - 3.2.6-k
Jan 28 23:58:18 zkhx-desktop kernel: [    4.570421] e1000e: Copyright(c) 1999 - 2015 Intel Corporation.
Jan 28 23:58:18 zkhx-desktop kernel: [    4.570479] igb: Intel(R) Gigabit Ethernet Network Driver - version 5.4.0-k
Jan 28 23:58:18 zkhx-desktop kernel: [    4.570481] igb: Copyright (c) 2007-2014 Intel Corporation.
Jan 28 23:58:18 zkhx-desktop kernel: [    4.570527] igbvf: Intel(R) Gigabit Virtual Function Network Driver - version 2.4.0-k
Jan 28 23:58:18 zkhx-desktop kernel: [    4.570529] igbvf: Copyright (c) 2009 - 2012 Intel Corporation.
Jan 28 23:58:18 zkhx-desktop kernel: [    4.570572] Intel(R) 10GbE PCI Express Linux Network Driver - version 4.6.4
Jan 28 23:58:18 zkhx-desktop kernel: [    4.570574] Copyright(c) 1999 - 2017 Intel Corporation.
Jan 28 23:58:18 zkhx-desktop kernel: [    4.572146] eqos 2490000.ether_qos: no PHY interrupt found
Jan 28 23:58:18 zkhx-desktop kernel: [    4.572436] eqos 2490000.ether_qos: can't get pllrefe_vcoout clk (-2)
Jan 28 23:58:18 zkhx-desktop kernel: [    4.577085] eqos 2490000.ether_qos: Setting local MAC: 0 4 4b 8d 23 40
Jan 28 23:58:18 zkhx-desktop kernel: [    4.577342] libphy: dwc_phy: probed
Jan 28 23:58:18 zkhx-desktop kernel: [    4.577844] bcm54xx_low_power_mode(): put phy in iddq-lp mode
Jan 28 23:58:18 zkhx-desktop kernel: [    4.579976] nct1008_nct72 7-004c: LOC shutdown limit 107
Jan 28 23:58:18 zkhx-desktop kernel: [    4.580477] nct1008_nct72 7-004c: EXT shutdown limit 107
Jan 28 23:58:18 zkhx-desktop kernel: [    4.581304] PPP generic driver version 2.4.2
Jan 28 23:58:18 zkhx-desktop kernel: [    4.581613] PPP BSD Compression module registered
Jan 28 23:58:18 zkhx-desktop kernel: [    4.581617] PPP Deflate Compression module registered
Jan 28 23:58:18 zkhx-desktop kernel: [    4.581639] PPP MPPE Compression module registered
Jan 28 23:58:18 zkhx-desktop kernel: [    4.581644] NET: Registered protocol family 24
Jan 28 23:58:18 zkhx-desktop kernel: [    4.581753] usbcore: registered new interface driver r8152
Jan 28 23:58:18 zkhx-desktop kernel: [    4.581854] usbcore: registered new interface driver asix
Jan 28 23:58:18 zkhx-desktop kernel: [    4.581945] usbcore: registered new interface driver ax88179_178a
Jan 28 23:58:18 zkhx-desktop kernel: [    4.582039] usbcore: registered new interface driver cdc_ether
Jan 28 23:58:18 zkhx-desktop kernel: [    4.582126] usbcore: registered new interface driver net1080
Jan 28 23:58:18 zkhx-desktop kernel: [    4.582216] usbcore: registered new interface driver cdc_subset
Jan 28 23:58:18 zkhx-desktop kernel: [    4.582853] usbcore: registered new interface driver zaurus
Jan 28 23:58:18 zkhx-desktop kernel: [    4.583011] usbcore: registered new interface driver cdc_ncm
Jan 28 23:58:18 zkhx-desktop kernel: [    4.583289] VFIO - User Level meta-driver version: 0.3
Jan 28 23:58:18 zkhx-desktop kernel: [    4.589201] ehci_hcd: USB 2.0 'Enhanced' Host Controller (EHCI) Driver
Jan 28 23:58:18 zkhx-desktop kernel: [    4.589204] ehci-pci: EHCI PCI platform driver
Jan 28 23:58:18 zkhx-desktop kernel: [    4.589238] ohci_hcd: USB 1.1 'Open' Host Controller (OHCI) Driver
Jan 28 23:58:18 zkhx-desktop kernel: [    4.589259] ohci-pci: OHCI PCI platform driver
Jan 28 23:58:18 zkhx-desktop kernel: [    4.589287] ohci-platform: OHCI generic platform driver
Jan 28 23:58:18 zkhx-desktop kernel: [    4.596139] tegra-xusb 3530000.xhci: USB2 port 0 has OTG_CAP
Jan 28 23:58:18 zkhx-desktop kernel: [    4.598187] tegra-xusb 3530000.xhci: extcon 0: ffffffc1ead1f800 id
Jan 28 23:58:18 zkhx-desktop kernel: [    4.598329] tegra-xusb 3530000.xhci: Direct firmware load for tegra18x_xusb_firmware failed with error -2
Jan 28 23:58:18 zkhx-desktop kernel: [    4.598334] tegra-xusb 3530000.xhci: Falling back to user helper
Jan 28 23:58:18 zkhx-desktop kernel: [    4.598986] usbcore: registered new interface driver uas
Jan 28 23:58:18 zkhx-desktop kernel: [    4.599107] usbcore: registered new interface driver usb-storage
Jan 28 23:58:18 zkhx-desktop kernel: [    4.599360] usbcore: registered new interface driver usbserial
Jan 28 23:58:18 zkhx-desktop kernel: [    4.606234] tegra-xudc-new 3550000.xudc: device count: 1
Jan 28 23:58:18 zkhx-desktop kernel: [    4.608288] tegra-xudc-new 3550000.xudc: vbus state: 1
Jan 28 23:58:18 zkhx-desktop kernel: [    4.613221] nct1008_nct72 7-004c: initial LOC temp: 36000 
Jan 28 23:58:18 zkhx-desktop kernel: [    4.613528] nct1008_nct72 7-004c: initial EXT temp: 40000 
Jan 28 23:58:18 zkhx-desktop kernel: [    4.614137] nct1008_nct72 7-004c: hi_b:-11, lo_b:0
Jan 28 23:58:18 zkhx-desktop kernel: [    4.614436] gpio tegra-gpio-aon wake35 for gpio=16(V:0)
Jan 28 23:58:18 zkhx-desktop kernel: [    4.614634] nct1008_nct72 7-004c: nct1008_probe: initialized
Jan 28 23:58:18 zkhx-desktop kernel: [    4.776201] tegra-usb-cd usb_cd: notification status (0x0, 0x1)
Jan 28 23:58:18 zkhx-desktop kernel: [    4.776207] tegra-usb-cd usb_cd: connected to SDP
Jan 28 23:58:18 zkhx-desktop kernel: [    4.776222] tegra-xudc-new 3550000.xudc: device mode on: 0
Jan 28 23:58:18 zkhx-desktop kernel: [    4.776477] tegra-xudc-new 3550000.xudc: active: 0 => 1
Jan 28 23:58:18 zkhx-desktop kernel: [    4.777198] mousedev: PS/2 mouse device common for all mice
Jan 28 23:58:18 zkhx-desktop kernel: [    4.777273] usbcore: registered new interface driver xpad
Jan 28 23:58:18 zkhx-desktop kernel: [    4.874207] ata1: SATA link down (SStatus 0 SControl 300)
Jan 28 23:58:18 zkhx-desktop kernel: [    4.906148] max77686-rtc max77620-rtc: rtc core: registered max77620-rtc as rtc0
Jan 28 23:58:18 zkhx-desktop kernel: [    4.907491] Wake73 for irq=42
Jan 28 23:58:18 zkhx-desktop kernel: [    4.908905] rtc rtc1: alarm rtc device
Jan 28 23:58:18 zkhx-desktop kernel: [    4.908920] tegra_rtc c2a0000.rtc: rtc core: registered c2a0000.rtc as rtc1
Jan 28 23:58:18 zkhx-desktop kernel: [    4.908949] tegra_rtc c2a0000.rtc: Tegra internal Real Time Clock
Jan 28 23:58:18 zkhx-desktop kernel: [    4.909147] i2c /dev entries driver
Jan 28 23:58:18 zkhx-desktop kernel: [    4.911463] ov5693 2-0036: probing v4l2 sensor.
Jan 28 23:58:18 zkhx-desktop kernel: [    4.912570] ov5693 2-0036: tegracam sensor driver:ov5693_v2.0.6
Jan 28 23:58:18 zkhx-desktop kernel: [    5.031023] gpio tegra-gpio wake21 for gpio=121(P:1)
Jan 28 23:58:18 zkhx-desktop kernel: [    5.693225] max77620-power max77620-power: Event recorder REG_NVERC : 0x0
Jan 28 23:58:18 zkhx-desktop kernel: [    5.704851] tegra-bpmp-thermal d000000.bpmp:bpmpthermal: zone 0 not supported
Jan 28 23:58:18 zkhx-desktop kernel: [    5.712690] tegra-bpmp-thermal d000000.bpmp:bpmpthermal: zone 3 not supported
Jan 28 23:58:18 zkhx-desktop kernel: [    5.721554] parse_throttle_dt_data: Num cap clks = 4
Jan 28 23:58:18 zkhx-desktop kernel: [    5.726562] parse_throttle_dt_data: clk=mcpu type=1
Jan 28 23:58:18 zkhx-desktop kernel: [    5.731470] parse_throttle_dt_data: clk=bcpu type=2
Jan 28 23:58:18 zkhx-desktop kernel: [    5.736378] parse_throttle_dt_data: clk=gpu type=4
Jan 28 23:58:18 zkhx-desktop kernel: [    5.741196] parse_throttle_dt_data: clk=emc type=3
Jan 28 23:58:18 zkhx-desktop kernel: [    5.747059] tegra_throttle_probe: probe successful. #cdevs=4
Jan 28 23:58:18 zkhx-desktop kernel: [    5.753488] FAN dev name: pwm-fan
Jan 28 23:58:18 zkhx-desktop kernel: [    5.756909] FAN:gpio request success.
Jan 28 23:58:18 zkhx-desktop kernel: [    5.760610] FAN: can't find tach_gpio
Jan 28 23:58:18 zkhx-desktop kernel: [    5.764366] pwm_fan_driver pwm-fan: cap state:7, cap pwm:255
Jan 28 23:58:18 zkhx-desktop kernel: [    5.770368] pwm_fan_driver pwm-fan: got pwm for fan. polarity is inversed
Jan 28 23:58:18 zkhx-desktop kernel: [    5.777187] pwm_fan_driver pwm-fan: tach period: 1000
Jan 28 23:58:18 zkhx-desktop kernel: [    5.782715] pwm_fan_driver pwm-fan: index 0: pwm=0, rpm=0, rru=40, rrd=40, state:2
Jan 28 23:58:18 zkhx-desktop kernel: [    5.790316] pwm_fan_driver pwm-fan: index 1: pwm=80, rpm=1000, rru=2, rrd=2, state:2
Jan 28 23:58:18 zkhx-desktop kernel: [    5.798087] pwm_fan_driver pwm-fan: index 2: pwm=120, rpm=2000, rru=1, rrd=1, state:2
Jan 28 23:58:18 zkhx-desktop kernel: [    5.805938] pwm_fan_driver pwm-fan: index 3: pwm=160, rpm=3000, rru=1, rrd=1, state:2
Jan 28 23:58:18 zkhx-desktop kernel: [    5.813799] pwm_fan_driver pwm-fan: index 4: pwm=255, rpm=4000, rru=1, rrd=1, state:3
Jan 28 23:58:18 zkhx-desktop kernel: [    5.821652] pwm_fan_driver pwm-fan: index 5: pwm=255, rpm=5000, rru=1, rrd=1, state:3
Jan 28 23:58:18 zkhx-desktop kernel: [    5.829508] pwm_fan_driver pwm-fan: index 6: pwm=255, rpm=6000, rru=1, rrd=1, state:3
Jan 28 23:58:18 zkhx-desktop kernel: [    5.837361] pwm_fan_driver pwm-fan: index 7: pwm=255, rpm=7000, rru=1, rrd=1, state:4
Jan 28 23:58:18 zkhx-desktop kernel: [    5.845217] pwm_fan_driver pwm-fan: index 8: pwm=255, rpm=10000, rru=1, rrd=1, state:4
Jan 28 23:58:18 zkhx-desktop kernel: [    5.853159] pwm_fan_driver pwm-fan: index 9: pwm=255, rpm=11000, rru=1, rrd=1, state:4
Jan 28 23:58:18 zkhx-desktop kernel: [    5.862970] device-mapper: uevent: version 1.0.3
Jan 28 23:58:18 zkhx-desktop kernel: [    5.868586] device-mapper: ioctl: 4.35.0-ioctl (2016-06-23) initialised: dm-devel@redhat.com
Jan 28 23:58:18 zkhx-desktop kernel: [    5.882937] cpufreq: platform driver Initialization: pass
Jan 28 23:58:18 zkhx-desktop kernel: [    5.888911] cpuidle: Initializing cpuidle driver init for Denver cluster
Jan 28 23:58:18 zkhx-desktop kernel: [    5.895773] cpuidle: Initializing cpuidle driver init for A57 cluster
Jan 28 23:58:18 zkhx-desktop kernel: [    5.903047] sdhci: Secure Digital Host Controller Interface driver
Jan 28 23:58:18 zkhx-desktop kernel: [    5.909281] sdhci: Copyright(c) Pierre Ossman
Jan 28 23:58:18 zkhx-desktop kernel: [    5.913654] sdhci-pltfm: SDHCI platform and OF driver helper
Jan 28 23:58:18 zkhx-desktop kernel: [    5.920955] sdhci-tegra 3460000.sdhci: Client registration for eMC Successful
Jan 28 23:58:18 zkhx-desktop kernel: [    5.930062] CMDQ: cmdq_platfm_init successful
Jan 28 23:58:18 zkhx-desktop kernel: [    5.935745] CQE: CMD_TIMING bit set for R1B DCMD
Jan 28 23:58:18 zkhx-desktop kernel: [    5.935928] sdhci-tegra 3440000.sdhci: Client registration for eMC Successful
Jan 28 23:58:18 zkhx-desktop kernel: [    5.940029] sdhci-tegra 3400000.sdhci: Got CD GPIO
Jan 28 23:58:18 zkhx-desktop kernel: [    5.940071] sdhci-tegra 3400000.sdhci: Got WP GPIO
Jan 28 23:58:18 zkhx-desktop kernel: [    5.940839] sdhci-tegra 3400000.sdhci: Client registration for eMC Successful
Jan 28 23:58:18 zkhx-desktop kernel: [    5.942540] sdhci-tegra 3400000.sdhci: wakeup init done, cdirq 257
Jan 28 23:58:18 zkhx-desktop kernel: [    5.947064] tegra-se-elp 3ad0000.se_elp: tegra_se_elp_probe: complete
Jan 28 23:58:18 zkhx-desktop kernel: [    5.948076] tegra-se-nvhost 15810000.se: initialized
Jan 28 23:58:18 zkhx-desktop kernel: [    5.949186] tegra-se-nvhost 15810000.se: tegra_se_probe: complete
Jan 28 23:58:18 zkhx-desktop kernel: [    5.949761] tegra-se-nvhost 15820000.se: initialized
Jan 28 23:58:18 zkhx-desktop kernel: [    5.952954] tegra-se-nvhost 15820000.se: tegra_se_probe: complete
Jan 28 23:58:18 zkhx-desktop kernel: [    5.953508] tegra-se-nvhost 15830000.se: initialized
Jan 28 23:58:18 zkhx-desktop kernel: [    5.956599] tegra-se-nvhost 15830000.se: tegra_se_probe: complete
Jan 28 23:58:18 zkhx-desktop kernel: [    5.957168] tegra-se-nvhost 15840000.se: initialized
Jan 28 23:58:18 zkhx-desktop kernel: [    5.958114] tegra-se-nvhost 15840000.se: tegra_se_probe: complete
Jan 28 23:58:18 zkhx-desktop kernel: [    5.958415] hidraw: raw HID events driver (C) Jiri Kosina
Jan 28 23:58:18 zkhx-desktop kernel: [    5.964786] usbcore: registered new interface driver usbhid
Jan 28 23:58:18 zkhx-desktop kernel: [    5.964787] usbhid: USB HID core driver
Jan 28 23:58:18 zkhx-desktop kernel: [    5.970359] tegra186-cam-rtcpu b000000.rtcpu: Trace buffer configured at IOVA=0xbff00000
Jan 28 23:58:18 zkhx-desktop kernel: [    5.972568] tegra-ivc ivc-b000000.rtcpu: region 0: iova=0xbfef0000-0xbfefdb7f size=56192
Jan 28 23:58:18 zkhx-desktop kernel: [    5.973076] tegra-ivc ivc-b000000.rtcpu:echo@0: echo: ver=0 grp=1 RX[16x64]=0x1000-0x1480 TX[16x64]=0x1480-0x1900
Jan 28 23:58:18 zkhx-desktop kernel: [    5.973266] tegra-ivc ivc-b000000.rtcpu:i2c@480: i2c: ver=0 grp=1 RX[8x128]=0x1900-0x1d80 TX[8x128]=0x1d80-0x2200
Jan 28 23:58:18 zkhx-desktop kernel: [    5.973480] tegra-ivc ivc-b000000.rtcpu:vinotify@12c0: vinotify: ver=0 grp=1 RX[64x128]=0x2200-0x4280 TX[64x128]=0x4280-0x6300
Jan 28 23:58:18 zkhx-desktop kernel: [    5.974463] tegra-ivc ivc-b000000.rtcpu:mods@32c0: mods: ver=0 grp=1 RX[1x64]=0x6300-0x63c0 TX[1x64]=0x63c0-0x6480
Jan 28 23:58:18 zkhx-desktop kernel: [    5.974543] tegra-ivc ivc-b000000.rtcpu:ivccontrol@52c0: ivccontrol: ver=0 grp=1 RX[16x320]=0x6480-0x7900 TX[16x320]=0x7900-0x8d80
Jan 28 23:58:18 zkhx-desktop kernel: [    5.974601] tegra-ivc ivc-b000000.rtcpu:ivccapture@72c0: ivccapture: ver=0 grp=1 RX[16x64]=0x8d80-0x9200 TX[16x64]=0x9200-0x9680
Jan 28 23:58:18 zkhx-desktop kernel: [    5.974655] tegra-ivc ivc-b000000.rtcpu:dbg@7c00: dbg: ver=0 grp=1 RX[1x384]=0x9680-0x9880 TX[1x384]=0x9880-0x9a80
Jan 28 23:58:18 zkhx-desktop kernel: [    5.974801] tegra-ivc ivc-b000000.rtcpu:dbg@7e00: dbg: ver=0 grp=1 RX[1x8192]=0x9a80-0xbb00 TX[1x8192]=0xbb00-0xdb80
Jan 28 23:58:18 zkhx-desktop kernel: [    5.975338] tegra186-cam-rtcpu b000000.rtcpu: using cam RTCPU IRQ (51)
Jan 28 23:58:18 zkhx-desktop kernel: [    5.975341] tegra186-cam-rtcpu b000000.rtcpu: tegra_camrtc_mon_create is successful
Jan 28 23:58:18 zkhx-desktop kernel: [    5.975916] tegra186-cam-rtcpu b000000.rtcpu: firmware version cpu=sce cmd=5 sha1=3ecb1dca25fa98771f988f238c025334776c9a96
Jan 28 23:58:18 zkhx-desktop kernel: [    5.977520] tegra_aon c1a0000.aon: tegra aon driver probe OK
Jan 28 23:58:18 zkhx-desktop kernel: [    5.977969] tegra186-aondbg aondbg: aondbg driver probe() OK
Jan 28 23:58:18 zkhx-desktop kernel: [    5.978122] register_ari_mca_banks: Registered MCA ROC:IOB
Jan 28 23:58:18 zkhx-desktop kernel: [    5.978187] register_ari_mca_banks: Registered MCA ROC:CCE
Jan 28 23:58:18 zkhx-desktop kernel: [    5.978484] tegra18-bridge 2390000.axi2apb: axi_cbb clk rate = 115 MHZ, timeout = 97000 useconds
Jan 28 23:58:18 zkhx-desktop kernel: [    5.978486] tegra18-bridge 2390000.axi2apb: enabled timeout = 11155000
Jan 28 23:58:18 zkhx-desktop kernel: [    5.978488] tegra18-bridge 2390000.axi2apb: bridge probed OK
Jan 28 23:58:18 zkhx-desktop kernel: [    5.978537] tegra18-bridge 23a0000.axi2apb: axi_cbb clk rate = 115 MHZ, timeout = 97000 useconds
Jan 28 23:58:18 zkhx-desktop kernel: [    5.978539] tegra18-bridge 23a0000.axi2apb: enabled timeout = 11155000
Jan 28 23:58:18 zkhx-desktop kernel: [    5.978540] tegra18-bridge 23a0000.axi2apb: bridge probed OK
Jan 28 23:58:18 zkhx-desktop kernel: [    5.978586] tegra18-bridge 23b0000.axi2apb: axi_cbb clk rate = 115 MHZ, timeout = 97000 useconds
Jan 28 23:58:18 zkhx-desktop kernel: [    5.978587] tegra18-bridge 23b0000.axi2apb: enabled timeout = 11155000
Jan 28 23:58:18 zkhx-desktop kernel: [    5.978588] tegra18-bridge 23b0000.axi2apb: bridge probed OK
Jan 28 23:58:18 zkhx-desktop kernel: [    5.978633] tegra18-bridge 23c0000.axi2apb: axi_cbb clk rate = 115 MHZ, timeout = 97000 useconds
Jan 28 23:58:18 zkhx-desktop kernel: [    5.978635] tegra18-bridge 23c0000.axi2apb: enabled timeout = 11155000
Jan 28 23:58:18 zkhx-desktop kernel: [    5.978636] tegra18-bridge 23c0000.axi2apb: bridge probed OK
Jan 28 23:58:18 zkhx-desktop kernel: [    5.978683] tegra18-bridge 23d0000.axi2apb: axi_cbb clk rate = 115 MHZ, timeout = 97000 useconds
Jan 28 23:58:18 zkhx-desktop kernel: [    5.978684] tegra18-bridge 23d0000.axi2apb: enabled timeout = 11155000
Jan 28 23:58:18 zkhx-desktop kernel: [    5.978685] tegra18-bridge 23d0000.axi2apb: bridge probed OK
Jan 28 23:58:18 zkhx-desktop kernel: [    5.978738] tegra18-bridge 2100000.axip2p: axi_cbb clk rate = 115 MHZ, timeout = 97000 useconds
Jan 28 23:58:18 zkhx-desktop kernel: [    5.978742] tegra18-bridge 2100000.axip2p: enabled timeout = 11155000
Jan 28 23:58:18 zkhx-desktop kernel: [    5.978743] tegra18-bridge 2100000.axip2p: bridge probed OK
Jan 28 23:58:18 zkhx-desktop kernel: [    5.978787] tegra18-bridge 2110000.axip2p: axi_cbb clk rate = 115 MHZ, timeout = 97000 useconds
Jan 28 23:58:18 zkhx-desktop kernel: [    5.978791] tegra18-bridge 2110000.axip2p: enabled timeout = 11155000
Jan 28 23:58:18 zkhx-desktop kernel: [    5.978793] tegra18-bridge 2110000.axip2p: bridge probed OK
Jan 28 23:58:18 zkhx-desktop kernel: [    5.978838] tegra18-bridge 2120000.axip2p: axi_cbb clk rate = 115 MHZ, timeout = 97000 useconds
Jan 28 23:58:18 zkhx-desktop kernel: [    5.978841] tegra18-bridge 2120000.axip2p: enabled timeout = 11155000
Jan 28 23:58:18 zkhx-desktop kernel: [    5.978843] tegra18-bridge 2120000.axip2p: bridge probed OK
Jan 28 23:58:18 zkhx-desktop kernel: [    5.978888] tegra18-bridge 2130000.axip2p: axi_cbb clk rate = 115 MHZ, timeout = 97000 useconds
Jan 28 23:58:18 zkhx-desktop kernel: [    5.978891] tegra18-bridge 2130000.axip2p: enabled timeout = 11155000
Jan 28 23:58:18 zkhx-desktop kernel: [    5.978893] tegra18-bridge 2130000.axip2p: bridge probed OK
Jan 28 23:58:18 zkhx-desktop kernel: [    5.978938] tegra18-bridge 2140000.axip2p: axi_cbb clk rate = 115 MHZ, timeout = 97000 useconds
Jan 28 23:58:18 zkhx-desktop kernel: [    5.978941] tegra18-bridge 2140000.axip2p: enabled timeout = 11155000
Jan 28 23:58:18 zkhx-desktop kernel: [    5.978942] tegra18-bridge 2140000.axip2p: bridge probed OK
Jan 28 23:58:18 zkhx-desktop kernel: [    5.978985] tegra18-bridge 2150000.axip2p: axi_cbb clk rate = 115 MHZ, timeout = 97000 useconds
Jan 28 23:58:18 zkhx-desktop kernel: [    5.978990] tegra18-bridge 2150000.axip2p: enabled timeout = 11155000
Jan 28 23:58:18 zkhx-desktop kernel: [    5.978991] tegra18-bridge 2150000.axip2p: bridge probed OK
Jan 28 23:58:18 zkhx-desktop kernel: [    5.979038] tegra18-bridge 2160000.axip2p: axi_cbb clk rate = 115 MHZ, timeout = 97000 useconds
Jan 28 23:58:18 zkhx-desktop kernel: [    5.979043] tegra18-bridge 2160000.axip2p: enabled timeout = 11155000
Jan 28 23:58:18 zkhx-desktop kernel: [    5.979044] tegra18-bridge 2160000.axip2p: bridge probed OK
Jan 28 23:58:18 zkhx-desktop kernel: [    5.979090] tegra18-bridge 2170000.axip2p: axi_cbb clk rate = 115 MHZ, timeout = 97000 useconds
Jan 28 23:58:18 zkhx-desktop kernel: [    5.979095] tegra18-bridge 2170000.axip2p: enabled timeout = 11155000
Jan 28 23:58:18 zkhx-desktop kernel: [    5.979096] tegra18-bridge 2170000.axip2p: bridge probed OK
Jan 28 23:58:18 zkhx-desktop kernel: [    5.979141] tegra18-bridge 2180000.axip2p: axi_cbb clk rate = 115 MHZ, timeout = 97000 useconds
Jan 28 23:58:18 zkhx-desktop kernel: [    5.979146] tegra18-bridge 2180000.axip2p: enabled timeout = 11155000
Jan 28 23:58:18 zkhx-desktop kernel: [    5.979147] tegra18-bridge 2180000.axip2p: bridge probed OK
Jan 28 23:58:18 zkhx-desktop kernel: [    5.979193] tegra18-bridge 2190000.axip2p: axi_cbb clk rate = 115 MHZ, timeout = 97000 useconds
Jan 28 23:58:18 zkhx-desktop kernel: [    5.979196] tegra18-bridge 2190000.axip2p: enabled timeout = 11155000
Jan 28 23:58:18 zkhx-desktop kernel: [    5.979197] tegra18-bridge 2190000.axip2p: bridge probed OK
Jan 28 23:58:18 zkhx-desktop kernel: [    5.979253] **** A57 ECC: Enabled
Jan 28 23:58:18 zkhx-desktop kernel: [    5.979254] tegra18_a57_serr_init: on CPU 0 a A57 Core
Jan 28 23:58:18 zkhx-desktop kernel: [    5.979311] tegra18x_actmon d230000.actmon: in actmon_register()...
Jan 28 23:58:18 zkhx-desktop kernel: [    5.979803] tegra18x_actmon d230000.actmon: initialization Completed for the device mc_all
Jan 28 23:58:18 zkhx-desktop kernel: [    5.980777] hw perfevents: enabled with denver15_uncore_pmu PMU driver, 3 counters available
Jan 28 23:58:18 zkhx-desktop kernel: [    5.980906] denver_knobs_init:MTS_VERSION:43068234
Jan 28 23:58:18 zkhx-desktop kernel: [    5.984151] mmc1: SDHCI controller on 3440000.sdhci [3440000.sdhci] using ADMA 64-bit with 64 bit addr
Jan 28 23:58:18 zkhx-desktop kernel: [    5.984237] nvpmodel: initialized successfully
Jan 28 23:58:18 zkhx-desktop kernel: [    5.990020] usbcore: registered new interface driver snd-usb-audio
Jan 28 23:58:18 zkhx-desktop kernel: [    5.995896] gpio tegra-gpio wake71 for gpio=125(P:5)
Jan 28 23:58:18 zkhx-desktop kernel: [    5.995964] mmc2: SDHCI controller on 3400000.sdhci [3400000.sdhci] using ADMA 64-bit with 64 bit addr
Jan 28 23:58:18 zkhx-desktop kernel: [    5.997537] input: tegra-hda HDMI/DP,pcm=3 as /devices/3510000.hda/sound/card0/input0
Jan 28 23:58:18 zkhx-desktop kernel: [    5.997656] input: tegra-hda HDMI/DP,pcm=7 as /devices/3510000.hda/sound/card0/input1
Jan 28 23:58:18 zkhx-desktop kernel: [    6.092338] OPE platform probe
Jan 28 23:58:18 zkhx-desktop kernel: [    6.092481] OPE platform probe successful
Jan 28 23:58:18 zkhx-desktop kernel: [    6.110475] tegra-asoc: sound: This is a dummy codec
Jan 28 23:58:18 zkhx-desktop kernel: [    6.154575] tegra-asoc: sound: ADMAIF1 <-> ADMAIF1 mapping ok
Jan 28 23:58:18 zkhx-desktop kernel: [    6.154644] tegra-asoc: sound: ADMAIF2 <-> ADMAIF2 mapping ok
Jan 28 23:58:18 zkhx-desktop kernel: [    6.154706] tegra-asoc: sound: ADMAIF3 <-> ADMAIF3 mapping ok
Jan 28 23:58:18 zkhx-desktop kernel: [    6.154770] tegra-asoc: sound: ADMAIF4 <-> ADMAIF4 mapping ok
Jan 28 23:58:18 zkhx-desktop kernel: [    6.154841] tegra-asoc: sound: ADMAIF5 <-> ADMAIF5 mapping ok
Jan 28 23:58:18 zkhx-desktop kernel: [    6.154907] tegra-asoc: sound: ADMAIF6 <-> ADMAIF6 mapping ok
Jan 28 23:58:18 zkhx-desktop kernel: [    6.154970] tegra-asoc: sound: ADMAIF7 <-> ADMAIF7 mapping ok
Jan 28 23:58:18 zkhx-desktop kernel: [    6.155039] tegra-asoc: sound: ADMAIF8 <-> ADMAIF8 mapping ok
Jan 28 23:58:18 zkhx-desktop kernel: [    6.155101] tegra-asoc: sound: ADMAIF9 <-> ADMAIF9 mapping ok
Jan 28 23:58:18 zkhx-desktop kernel: [    6.155163] tegra-asoc: sound: ADMAIF10 <-> ADMAIF10 mapping ok
Jan 28 23:58:18 zkhx-desktop kernel: [    6.155227] tegra-asoc: sound: ADMAIF11 <-> ADMAIF11 mapping ok
Jan 28 23:58:18 zkhx-desktop kernel: [    6.155293] tegra-asoc: sound: ADMAIF12 <-> ADMAIF12 mapping ok
Jan 28 23:58:18 zkhx-desktop kernel: [    6.155355] tegra-asoc: sound: ADMAIF13 <-> ADMAIF13 mapping ok
Jan 28 23:58:18 zkhx-desktop kernel: [    6.155418] tegra-asoc: sound: ADMAIF14 <-> ADMAIF14 mapping ok
Jan 28 23:58:18 zkhx-desktop kernel: [    6.155482] tegra-asoc: sound: ADMAIF15 <-> ADMAIF15 mapping ok
Jan 28 23:58:18 zkhx-desktop kernel: [    6.155546] tegra-asoc: sound: ADMAIF16 <-> ADMAIF16 mapping ok
Jan 28 23:58:18 zkhx-desktop kernel: [    6.155610] tegra-asoc: sound: ADMAIF17 <-> ADMAIF17 mapping ok
Jan 28 23:58:18 zkhx-desktop kernel: [    6.155674] tegra-asoc: sound: ADMAIF18 <-> ADMAIF18 mapping ok
Jan 28 23:58:18 zkhx-desktop kernel: [    6.155738] tegra-asoc: sound: ADMAIF19 <-> ADMAIF19 mapping ok
Jan 28 23:58:18 zkhx-desktop kernel: [    6.155802] tegra-asoc: sound: ADMAIF20 <-> ADMAIF20 mapping ok
Jan 28 23:58:18 zkhx-desktop kernel: [    6.179105] u32 classifier
Jan 28 23:58:18 zkhx-desktop kernel: [    6.179106]     Actions configured
Jan 28 23:58:18 zkhx-desktop kernel: [    6.179162] Initializing XFRM netlink socket
Jan 28 23:58:18 zkhx-desktop kernel: [    6.179708] NET: Registered protocol family 10
Jan 28 23:58:18 zkhx-desktop kernel: [    6.180332] NET: Registered protocol family 17
Jan 28 23:58:18 zkhx-desktop kernel: [    6.180339] NET: Registered protocol family 15
Jan 28 23:58:18 zkhx-desktop kernel: [    6.180397] bridge: filtering via arp/ip/ip6tables is no longer available by default. Update your scripts to load br_netfilter if you need this.
Jan 28 23:58:18 zkhx-desktop kernel: [    6.180433] Bluetooth: RFCOMM socket layer initialized
Jan 28 23:58:18 zkhx-desktop kernel: [    6.180440] Bluetooth: RFCOMM ver 1.11
Jan 28 23:58:18 zkhx-desktop kernel: [    6.180443] Bluetooth: HIDP (Human Interface Emulation) ver 1.2
Jan 28 23:58:18 zkhx-desktop kernel: [    6.180446] Bluetooth: HIDP socket layer initialized
Jan 28 23:58:18 zkhx-desktop kernel: [    6.180459] 9pnet: Installing 9P2000 support
Jan 28 23:58:18 zkhx-desktop kernel: [    6.180490] Key type dns_resolver registered
Jan 28 23:58:18 zkhx-desktop kernel: [    6.181605] Registered cp15_barrier emulation handler
Jan 28 23:58:18 zkhx-desktop kernel: [    6.187028] Registered setend emulation handler
Jan 28 23:58:18 zkhx-desktop kernel: [    6.187877] registered taskstats version 1
Jan 28 23:58:18 zkhx-desktop kernel: [    6.191449] isp 15600000.isp: initialized
Jan 28 23:58:18 zkhx-desktop kernel: [    6.195841] nvcsi 150c0000.nvcsi: initialized
Jan 28 23:58:18 zkhx-desktop kernel: [    6.199955] gpio tegra-gpio-aon wake29 for gpio=56(FF:0)
Jan 28 23:58:18 zkhx-desktop kernel: [    6.200038] gpio tegra-gpio-aon wake67 for gpio=57(FF:1)
Jan 28 23:58:18 zkhx-desktop kernel: [    6.200108] gpio tegra-gpio-aon wake68 for gpio=58(FF:2)
Jan 28 23:58:18 zkhx-desktop kernel: [    6.200250] input: gpio-keys as /devices/gpio-keys/input/input2
Jan 28 23:58:18 zkhx-desktop kernel: [    6.201812] tegra-vi4 15700000.vi: initialized
Jan 28 23:58:18 zkhx-desktop kernel: [    6.202664] tegra-vi4 15700000.vi: subdev 150c0000.nvcsi--1 bound
Jan 28 23:58:18 zkhx-desktop kernel: [    6.202673] tegra-vi4 15700000.vi: subdev ov5693 2-0036 bound
Jan 28 23:58:18 zkhx-desktop kernel: [    6.237835] tegra_rtc c2a0000.rtc: setting system clock to 2000-01-12 07:11:44 UTC (947661104)
Jan 28 23:58:18 zkhx-desktop kernel: [    6.242963] mmc1: Applying tuning correction
Jan 28 23:58:18 zkhx-desktop kernel: [    6.242995] mmc1: Tap value after applying correction 67
Jan 28 23:58:18 zkhx-desktop kernel: [    6.243002] mmc1: hw tuning done ...
Jan 28 23:58:18 zkhx-desktop kernel: [    6.250019] mmc1: new ultra high speed SDR104 SDIO card at address 0001
Jan 28 23:58:18 zkhx-desktop kernel: [    6.267612] bpmp: mounted debugfs mirror
Jan 28 23:58:18 zkhx-desktop kernel: [    6.268760] bwmgr: missing cdev-type property
Jan 28 23:58:18 zkhx-desktop kernel: [    6.274948] spmic-ldo0: disabling
Jan 28 23:58:18 zkhx-desktop kernel: [    6.275109] spmic-ldo1: disabling
Jan 28 23:58:18 zkhx-desktop kernel: [    6.275245] en-vdd-sd: disabling
Jan 28 23:58:18 zkhx-desktop kernel: [    6.275246] en-vdd-cam: disabling
Jan 28 23:58:18 zkhx-desktop kernel: [    6.275248] vdd-usb0-5v: disabling
Jan 28 23:58:18 zkhx-desktop kernel: [    6.275249] vdd-usb1-5v: disabling
Jan 28 23:58:18 zkhx-desktop kernel: [    6.275252] en-vdd-disp-3v3: disabling
Jan 28 23:58:18 zkhx-desktop kernel: [    6.275253] en-mdm-pwr-3v7: disabling
Jan 28 23:58:18 zkhx-desktop kernel: [    6.275254] en-vdd-disp-1v8: disabling
Jan 28 23:58:18 zkhx-desktop kernel: [    6.275256] en-vdd-cam-hv-2v8: disabling
Jan 28 23:58:18 zkhx-desktop kernel: [    6.275257] en-vdd-cam-1v2: disabling
Jan 28 23:58:18 zkhx-desktop kernel: [    6.275258] vdd-fan: disabling
Jan 28 23:58:18 zkhx-desktop kernel: [    6.275260] vdd-3v3: disabling
Jan 28 23:58:18 zkhx-desktop kernel: [    6.275261] en-vdd-vcm-2v8: disabling
Jan 28 23:58:18 zkhx-desktop kernel: [    6.275262] vdd-usb2-5v: disabling
Jan 28 23:58:18 zkhx-desktop kernel: [    6.275264] vdd-sys-bl: disabling
Jan 28 23:58:18 zkhx-desktop kernel: [    6.275265] en-vdd-sys: disabling
Jan 28 23:58:18 zkhx-desktop kernel: [    6.275267] ALSA device list:
Jan 28 23:58:18 zkhx-desktop kernel: [    6.275269]   #0: tegra-hda at 0x3518000 irq 383
Jan 28 23:58:18 zkhx-desktop kernel: [    6.275269]   #1: tegra-snd-t186ref-mobile-rt565x
Jan 28 23:58:18 zkhx-desktop kernel: [    6.947517] Waiting for root device /dev/mmcblk0p1...
Jan 28 23:58:18 zkhx-desktop kernel: [    6.987865] mmc0: SDHCI controller on 3460000.sdhci [3460000.sdhci] using ADMA 64-bit with 64 bit addr
Jan 28 23:58:18 zkhx-desktop kernel: [    7.061471] mmc0: mmc_decode_ext_csd: CMDQ supported: depth: 31, cmdq_support: 1
Jan 28 23:58:18 zkhx-desktop kernel: [    7.082865] mmc0: periodic cache flush enabled
Jan 28 23:58:18 zkhx-desktop kernel: [    7.087331] mmc0: new HS400 Enhanced strobe MMC card at address 0001
Jan 28 23:58:18 zkhx-desktop kernel: [    7.094205] mmcblk0: mmc0:0001 032G34 29.1 GiB 
Jan 28 23:58:18 zkhx-desktop kernel: [    7.098986] mmcblk0boot0: mmc0:0001 032G34 partition 1 4.00 MiB
Jan 28 23:58:18 zkhx-desktop kernel: [    7.105136] mmcblk0boot1: mmc0:0001 032G34 partition 2 4.00 MiB
Jan 28 23:58:18 zkhx-desktop kernel: [    7.115390] mmcblk0rpmb: mmc0:0001 032G34 partition 3 4.00 MiB
Jan 28 23:58:18 zkhx-desktop kernel: [    7.125611]  mmcblk0: p1 p2 p3 p4 p5 p6 p7 p8 p9 p10 p11 p12 p13 p14 p15 p16 p17 p18 p19 p20 p21 p22 p23 p24 p25 p26 p27 p28 p29 p30 p31
Jan 28 23:58:18 zkhx-desktop kernel: [    7.175682] EXT4-fs (mmcblk0p1): mounted filesystem with ordered data mode. Opts: (null)
Jan 28 23:58:18 zkhx-desktop kernel: [    7.183842] VFS: Mounted root (ext4 filesystem) on device 179:1.
Jan 28 23:58:18 zkhx-desktop kernel: [    7.195210] devtmpfs: mounted
Jan 28 23:58:18 zkhx-desktop kernel: [    7.200158] Freeing unused kernel memory: 7488K
Jan 28 23:58:18 zkhx-desktop kernel: [    7.409708] ip_tables: (C) 2000-2006 Netfilter Core Team
Jan 28 23:58:18 zkhx-desktop kernel: [    7.458617] cgroup: cgroup2: unknown option "nsdelegate"
Jan 28 23:58:18 zkhx-desktop kernel: [    7.910463] random: systemd: uninitialized urandom read (16 bytes read)
Jan 28 23:58:18 zkhx-desktop kernel: [    7.924480] random: systemd: uninitialized urandom read (16 bytes read)
Jan 28 23:58:18 zkhx-desktop kernel: [    7.940366] random: systemd: uninitialized urandom read (16 bytes read)
Jan 28 23:58:18 zkhx-desktop kernel: [    8.020830] EXT4-fs (mmcblk0p1): re-mounted. Opts: (null)
Jan 28 23:58:18 zkhx-desktop kernel: [    8.058639] gpio tegra-gpio-aon wake30 for gpio=60(FF:4)
Jan 28 23:58:18 zkhx-desktop kernel: [    9.029550] using random self ethernet address
Jan 28 23:58:18 zkhx-desktop kernel: [    9.034226] using random host ethernet address
Jan 28 23:58:18 zkhx-desktop kernel: [    9.078913] Mass Storage Function, version: 2009/09/11
Jan 28 23:58:18 zkhx-desktop kernel: [    9.078918] LUN: removable file: (no medium)
Jan 28 23:58:18 zkhx-desktop kernel: [    9.097002] using random self ethernet address
Jan 28 23:58:18 zkhx-desktop kernel: [    9.106100] using random host ethernet address
Jan 28 23:58:18 zkhx-desktop kernel: [    9.141275] rndis0: HOST MAC 7a:2d:2b:24:77:68
Jan 28 23:58:18 zkhx-desktop kernel: [    9.143543] rndis0: MAC 7a:2d:2b:24:77:69
Jan 28 23:58:18 zkhx-desktop kernel: [    9.145403] usb0: HOST MAC 7a:2d:2b:24:77:6a
Jan 28 23:58:18 zkhx-desktop kernel: [    9.145533] usb0: MAC 7a:2d:2b:24:77:6b
Jan 28 23:58:18 zkhx-desktop kernel: [    9.145562] tegra-xudc-new 3550000.xudc: ep 0 (type: 0, dir: out) enabled
Jan 28 23:58:18 zkhx-desktop kernel: [    9.175673] random: crng init done
Jan 28 23:58:18 zkhx-desktop kernel: [    9.179080] random: 7 urandom warning(s) missed due to ratelimiting
Jan 28 23:58:18 zkhx-desktop kernel: [    9.199635] l4tbr0: port 1(rndis0) entered blocking state
Jan 28 23:58:18 zkhx-desktop kernel: [    9.199640] l4tbr0: port 1(rndis0) entered disabled state
Jan 28 23:58:18 zkhx-desktop kernel: [    9.199782] device rndis0 entered promiscuous mode
Jan 28 23:58:18 zkhx-desktop kernel: [    9.207081] IPv6: ADDRCONF(NETDEV_UP): rndis0: link is not ready
Jan 28 23:58:18 zkhx-desktop kernel: [    9.214364] l4tbr0: port 2(usb0) entered blocking state
Jan 28 23:58:18 zkhx-desktop kernel: [    9.214369] l4tbr0: port 2(usb0) entered disabled state
Jan 28 23:58:18 zkhx-desktop kernel: [    9.214516] device usb0 entered promiscuous mode
Jan 28 23:58:18 zkhx-desktop kernel: [    9.219115] IPv6: ADDRCONF(NETDEV_UP): usb0: link is not ready
Jan 28 23:58:18 zkhx-desktop kernel: [    9.219122] l4tbr0: port 2(usb0) entered blocking state
Jan 28 23:58:18 zkhx-desktop kernel: [    9.219125] l4tbr0: port 2(usb0) entered forwarding state
Jan 28 23:58:18 zkhx-desktop kernel: [    9.315994] android_work: did not send uevent (0 0           (null))
Jan 28 23:58:19 zkhx-desktop kernel: [    9.349459] android_work: sent uevent USB_STATE=CONNECTED
Jan 28 23:58:19 zkhx-desktop kernel: [    9.486651] tegra-xusb 3530000.xhci: cannot find firmware....retry after 1 second
Jan 28 23:58:19 zkhx-desktop kernel: [    9.502737] nvgpu: 17000000.gp10b             railgate_enable_store:343  [INFO]  railgate is disabled.
Jan 28 23:58:19 zkhx-desktop kernel: [    9.602568] android_work: sent uevent USB_STATE=DISCONNECTED
Jan 28 23:58:19 zkhx-desktop kernel: [    9.635885] android_work: sent uevent USB_STATE=CONNECTED
Jan 28 23:58:19 zkhx-desktop kernel: [    9.674434] configfs-gadget gadget: high-speed config #1: c
Jan 28 23:58:19 zkhx-desktop kernel: [    9.674461] tegra-xudc-new 3550000.xudc: ep 5 (type: 3, dir: in) enabled
Jan 28 23:58:19 zkhx-desktop kernel: [    9.674476] tegra-xudc-new 3550000.xudc: ep 3 (type: 2, dir: in) enabled
Jan 28 23:58:19 zkhx-desktop kernel: [    9.674491] tegra-xudc-new 3550000.xudc: ep 2 (type: 2, dir: out) enabled
